Downloading https://services.gradle.org/distributions/gradle-9.0.0-bin.zip
............10%.............20%.............30%.............40%.............50%............60%.............70%.............80%.............90%.............100%

Welcome to Gradle 9.0.0!

Here are the highlights of this release:
 - Configuration Cache is the recommended execution mode
 - Gradle requires JVM 17 or higher to run
 - Build scripts use Kotlin 2.2 and Groovy 4.0
 - Improved Kotlin DSL script compilation avoidance

For more details see https://docs.gradle.org/9.0.0/release-notes.html

Starting a Gradle Daemon (subsequent builds will be faster)
Calculating task graph as no cached configuration is available for tasks: :common:assemble :composeApp:assemble

> Configure project :common
w: ⚠️ Disabled Kotlin/Native Targets
The following Kotlin/Native targets cannot be built on this machine and are disabled:
iosArm64, iosSimulatorArm64, iosX64
Solution: To hide this message, add 'kotlin.native.ignoreDisabledTargets=true' to the Gradle properties.


> Configure project :composeApp
w: ⚠️ Disabled Kotlin/Native Targets
The following Kotlin/Native targets cannot be built on this machine and are disabled:
iosArm64, iosSimulatorArm64, iosX64
Solution: To hide this message, add 'kotlin.native.ignoreDisabledTargets=true' to the Gradle properties.


> Task :common:checkKotlinGradlePluginConfigurationErrors SKIPPED
> Task :common:androidPreBuild UP-TO-DATE
> Task :common:preAndroidMainBuild UP-TO-DATE
> Task :common:metadataCommonMainProcessResources
> Task :common:generateProjectStructureMetadata
> Task :common:generateAndroidMainEmptyResourceFiles
> Task :common:prepareAndroidMainArtProfile
> Task :common:mergeAndroidMainJniLibFolders
> Task :common:mergeAndroidMainNativeLibs NO-SOURCE
> Task :common:prepareLintJarForPublish
> Task :common:copyAndroidMainJniLibsProjectOnly
> Task :common:transformCommonMainDependenciesMetadata
> Task :common:processAndroidMainManifest
> Task :common:writeAndroidMainAarMetadata
> Task :common:metadataNativeMainProcessResources
> Task :common:metadataAppleMainProcessResources
> Task :common:compileKotlinIosArm64 SKIPPED
> Task :common:compileKotlinIosSimulatorArm64 SKIPPED
> Task :common:compileKotlinIosX64 SKIPPED
> Task :common:iosArm64ProcessResources
> Task :common:iosArm64MainKlibrary
> Task :common:compileTestKotlinIosArm64 SKIPPED
> Task :common:iosSimulatorArm64ProcessResources
> Task :common:iosSimulatorArm64MainKlibrary
> Task :common:compileTestKotlinIosSimulatorArm64 SKIPPED
> Task :common:iosX64ProcessResources
> Task :common:iosX64MainKlibrary
> Task :common:compileTestKotlinIosX64 SKIPPED
> Task :common:metadataIosMainProcessResources
> Task :common:extractAndroidMainAnnotations
> Task :common:jvmProcessResources
> Task :common:processJvmMainResources SKIPPED
> Task :composeApp:checkKotlinGradlePluginConfigurationErrors SKIPPED
> Task :composeApp:generateComposeResClass SKIPPED
> Task :composeApp:generateExpectResourceCollectorsForCommonMain SKIPPED
> Task :composeApp:convertXmlValueResourcesForCommonMain NO-SOURCE
> Task :composeApp:copyNonXmlValueResourcesForCommonMain NO-SOURCE
> Task :composeApp:prepareComposeResourcesTaskForCommonMain NO-SOURCE
> Task :composeApp:generateResourceAccessorsForCommonMain SKIPPED
> Task :common:exportRootPublicationCoordinatesForMetadataApiElements
> Task :composeApp:generateProjectStructureMetadata
> Task :composeApp:metadataCommonMainProcessResources NO-SOURCE
> Task :composeApp:androidPreBuild UP-TO-DATE
> Task :composeApp:preAndroidMainBuild UP-TO-DATE
> Task :composeApp:mergeAndroidMainJniLibFolders
> Task :composeApp:mergeAndroidMainNativeLibs NO-SOURCE
> Task :composeApp:copyAndroidMainJniLibsProjectOnly
> Task :composeApp:generateAndroidMainEmptyResourceFiles
> Task :composeApp:prepareAndroidMainArtProfile
> Task :composeApp:prepareLintJarForPublish
> Task :composeApp:processAndroidMainManifest
> Task :composeApp:convertXmlValueResourcesForAndroidMain NO-SOURCE
> Task :composeApp:copyNonXmlValueResourcesForAndroidMain NO-SOURCE
> Task :composeApp:prepareComposeResourcesTaskForAndroidMain NO-SOURCE
> Task :composeApp:generateResourceAccessorsForAndroidMain SKIPPED
> Task :composeApp:generateActualResourceCollectorsForAndroidMain SKIPPED
> Task :composeApp:writeAndroidMainAarMetadata
> Task :composeApp:convertXmlValueResourcesForNativeMain NO-SOURCE
> Task :composeApp:copyNonXmlValueResourcesForNativeMain NO-SOURCE
> Task :composeApp:prepareComposeResourcesTaskForNativeMain NO-SOURCE
> Task :composeApp:generateResourceAccessorsForNativeMain SKIPPED
> Task :composeApp:convertXmlValueResourcesForAppleMain NO-SOURCE
> Task :composeApp:copyNonXmlValueResourcesForAppleMain NO-SOURCE
> Task :composeApp:prepareComposeResourcesTaskForAppleMain NO-SOURCE
> Task :composeApp:generateResourceAccessorsForAppleMain SKIPPED
> Task :composeApp:metadataNativeMainProcessResources NO-SOURCE
> Task :composeApp:convertXmlValueResourcesForIosMain NO-SOURCE
> Task :composeApp:copyNonXmlValueResourcesForIosMain NO-SOURCE
> Task :composeApp:prepareComposeResourcesTaskForIosMain NO-SOURCE
> Task :composeApp:generateResourceAccessorsForIosMain SKIPPED
> Task :composeApp:metadataAppleMainProcessResources NO-SOURCE
> Task :composeApp:convertXmlValueResourcesForIosArm64Main NO-SOURCE
> Task :composeApp:copyNonXmlValueResourcesForIosArm64Main NO-SOURCE
> Task :composeApp:prepareComposeResourcesTaskForIosArm64Main NO-SOURCE
> Task :composeApp:generateResourceAccessorsForIosArm64Main SKIPPED
> Task :composeApp:generateActualResourceCollectorsForIosArm64Main SKIPPED
> Task :composeApp:compileKotlinIosArm64 SKIPPED
> Task :composeApp:convertXmlValueResourcesForIosSimulatorArm64Main NO-SOURCE
> Task :composeApp:copyNonXmlValueResourcesForIosSimulatorArm64Main NO-SOURCE
> Task :composeApp:prepareComposeResourcesTaskForIosSimulatorArm64Main NO-SOURCE
> Task :composeApp:generateResourceAccessorsForIosSimulatorArm64Main SKIPPED
> Task :composeApp:generateActualResourceCollectorsForIosSimulatorArm64Main SKIPPED
> Task :composeApp:compileKotlinIosSimulatorArm64 SKIPPED
> Task :composeApp:convertXmlValueResourcesForIosX64Main NO-SOURCE
> Task :composeApp:copyNonXmlValueResourcesForIosX64Main NO-SOURCE
> Task :composeApp:prepareComposeResourcesTaskForIosX64Main NO-SOURCE
> Task :composeApp:generateResourceAccessorsForIosX64Main SKIPPED
> Task :composeApp:generateActualResourceCollectorsForIosX64Main SKIPPED
> Task :composeApp:compileKotlinIosX64 SKIPPED
> Task :composeApp:convertXmlValueResourcesForAppleTest NO-SOURCE
> Task :composeApp:copyNonXmlValueResourcesForAppleTest NO-SOURCE
> Task :composeApp:prepareComposeResourcesTaskForAppleTest NO-SOURCE
> Task :composeApp:generateResourceAccessorsForAppleTest SKIPPED
> Task :composeApp:convertXmlValueResourcesForCommonTest NO-SOURCE
> Task :composeApp:copyNonXmlValueResourcesForCommonTest NO-SOURCE
> Task :composeApp:prepareComposeResourcesTaskForCommonTest NO-SOURCE
> Task :composeApp:generateResourceAccessorsForCommonTest SKIPPED
> Task :composeApp:convertXmlValueResourcesForIosArm64Test NO-SOURCE
> Task :composeApp:copyNonXmlValueResourcesForIosArm64Test NO-SOURCE
> Task :composeApp:prepareComposeResourcesTaskForIosArm64Test NO-SOURCE
> Task :composeApp:generateResourceAccessorsForIosArm64Test SKIPPED
> Task :composeApp:convertXmlValueResourcesForIosTest NO-SOURCE
> Task :composeApp:copyNonXmlValueResourcesForIosTest NO-SOURCE
> Task :composeApp:prepareComposeResourcesTaskForIosTest NO-SOURCE
> Task :composeApp:generateResourceAccessorsForIosTest SKIPPED
> Task :composeApp:convertXmlValueResourcesForNativeTest NO-SOURCE
> Task :composeApp:copyNonXmlValueResourcesForNativeTest NO-SOURCE
> Task :composeApp:prepareComposeResourcesTaskForNativeTest NO-SOURCE
> Task :composeApp:generateResourceAccessorsForNativeTest SKIPPED
> Task :composeApp:iosArm64ResolveResourcesFromDependencies
> Task :composeApp:assembleIosArm64MainResources
> Task :composeApp:iosArm64ResolveSelfResourcesCopyHierarchicalMultiplatformResources
> Task :composeApp:iosArm64AggregateResources
> Task :composeApp:iosArm64ProcessResources
> Task :composeApp:iosArm64MainKlibrary
> Task :composeApp:compileTestKotlinIosArm64 SKIPPED
> Task :composeApp:convertXmlValueResourcesForIosSimulatorArm64Test NO-SOURCE
> Task :composeApp:copyNonXmlValueResourcesForIosSimulatorArm64Test NO-SOURCE
> Task :composeApp:prepareComposeResourcesTaskForIosSimulatorArm64Test NO-SOURCE
> Task :composeApp:generateResourceAccessorsForIosSimulatorArm64Test SKIPPED
> Task :composeApp:iosSimulatorArm64ResolveResourcesFromDependencies
> Task :composeApp:assembleIosSimulatorArm64MainResources
> Task :composeApp:iosSimulatorArm64ResolveSelfResourcesCopyHierarchicalMultiplatformResources
> Task :composeApp:iosSimulatorArm64AggregateResources
> Task :composeApp:iosSimulatorArm64ProcessResources
> Task :composeApp:iosSimulatorArm64MainKlibrary
> Task :composeApp:compileTestKotlinIosSimulatorArm64 SKIPPED
> Task :composeApp:convertXmlValueResourcesForIosX64Test NO-SOURCE
> Task :composeApp:copyNonXmlValueResourcesForIosX64Test NO-SOURCE
> Task :composeApp:prepareComposeResourcesTaskForIosX64Test NO-SOURCE
> Task :composeApp:generateResourceAccessorsForIosX64Test SKIPPED
> Task :composeApp:iosX64ResolveResourcesFromDependencies
> Task :composeApp:assembleIosX64MainResources
> Task :composeApp:iosX64ResolveSelfResourcesCopyHierarchicalMultiplatformResources
> Task :composeApp:iosX64AggregateResources
> Task :composeApp:iosX64ProcessResources
> Task :composeApp:iosX64MainKlibrary
> Task :composeApp:compileTestKotlinIosX64 SKIPPED
> Task :composeApp:metadataIosMainProcessResources NO-SOURCE
> Task :composeApp:linkDebugFrameworkIosArm64 SKIPPED
> Task :composeApp:linkDebugFrameworkIosSimulatorArm64 SKIPPED
> Task :composeApp:linkDebugFrameworkIosX64 SKIPPED
> Task :composeApp:linkReleaseFrameworkIosArm64 SKIPPED
> Task :composeApp:linkReleaseFrameworkIosSimulatorArm64 SKIPPED
> Task :composeApp:linkReleaseFrameworkIosX64 SKIPPED

> Task :common:compileCommonMainKotlinMetadata
w: file:///home/runner/work/echo-nightly/echo-nightly/common/src/commonMain/kotlin/dev/brahmkshatriya/echo/common/models/Date.kt:47:19 'expect val monthNumber: Int' is deprecated. Use the 'month' property instead.
w: file:///home/runner/work/echo-nightly/echo-nightly/common/src/commonMain/kotlin/dev/brahmkshatriya/echo/common/models/Date.kt:47:45 'expect val dayOfMonth: Int' is deprecated. Use the 'day' property instead.
w: file:///home/runner/work/echo-nightly/echo-nightly/common/src/commonMain/kotlin/dev/brahmkshatriya/echo/common/models/Date.kt:48:20 'expect val monthNumber: Int' is deprecated. Use the 'month' property instead.
w: file:///home/runner/work/echo-nightly/echo-nightly/common/src/commonMain/kotlin/dev/brahmkshatriya/echo/common/models/Date.kt:51:19 'expect val dayOfMonth: Int' is deprecated. Use the 'day' property instead.
w: file:///home/runner/work/echo-nightly/echo-nightly/common/src/commonMain/kotlin/dev/brahmkshatriya/echo/common/models/Date.kt:52:20 'expect val dayOfMonth: Int' is deprecated. Use the 'day' property instead.
w: file:///home/runner/work/echo-nightly/echo-nightly/common/src/commonMain/kotlin/dev/brahmkshatriya/echo/common/models/EchoFile.kt:12:1 'expect'/'actual' classes (including interfaces, objects, annotations, enums, and 'actual' typealiases) are in Beta. Consider using the '-Xexpect-actual-classes' flag to suppress this warning. Also see: https://youtrack.jetbrains.com/issue/KT-61573

> Task :common:metadataCommonMainClasses
> Task :common:compileNativeMainKotlinMetadata SKIPPED
> Task :common:metadataNativeMainClasses
> Task :common:compileAppleMainKotlinMetadata SKIPPED
> Task :common:metadataAppleMainClasses
> Task :common:compileIosMainKotlinMetadata SKIPPED
> Task :common:metadataIosMainClasses
> Task :common:iosArm64MetadataElements SKIPPED
> Task :common:iosSimulatorArm64MetadataElements SKIPPED
> Task :common:iosX64MetadataElements SKIPPED
> Task :common:exportCommonSourceSetsMetadataLocationsForMetadataApiElements
> Task :common:allMetadataJar
> Task :composeApp:transformCommonMainDependenciesMetadata

> Task :composeApp:compileCommonMainKotlinMetadata
w: file:///home/runner/work/echo-nightly/echo-nightly/composeApp/src/commonMain/kotlin/dev/brahmkshatriya/echo/player/ui/screens/PlayerScreen.kt:337:35 'val Icons.Filled.QueueMusic: ImageVector' is deprecated. Use the AutoMirrored version at Icons.AutoMirrored.Filled.QueueMusic.
w: file:///home/runner/work/echo-nightly/echo-nightly/composeApp/src/commonMain/kotlin/dev/brahmkshatriya/echo/player/ui/screens/PlayerScreen.kt:351:31 'val Icons.Filled.QueueMusic: ImageVector' is deprecated. Use the AutoMirrored version at Icons.AutoMirrored.Filled.QueueMusic.

> Task :composeApp:metadataCommonMainClasses
> Task :composeApp:compileNativeMainKotlinMetadata SKIPPED
> Task :composeApp:metadataNativeMainClasses UP-TO-DATE
> Task :composeApp:compileAppleMainKotlinMetadata SKIPPED
> Task :composeApp:metadataAppleMainClasses UP-TO-DATE
> Task :composeApp:compileIosMainKotlinMetadata SKIPPED
> Task :composeApp:metadataIosMainClasses UP-TO-DATE
> Task :composeApp:iosArm64MetadataElements SKIPPED
> Task :composeApp:iosSimulatorArm64MetadataElements SKIPPED
> Task :composeApp:iosX64MetadataElements SKIPPED
> Task :composeApp:allMetadataJar

> Task :common:compileAndroidMain
w: file:///home/runner/work/echo-nightly/echo-nightly/common/src/commonMain/kotlin/dev/brahmkshatriya/echo/common/models/Date.kt:47:19 'val monthNumber: Int' is deprecated. Use the 'month' property instead.
w: file:///home/runner/work/echo-nightly/echo-nightly/common/src/commonMain/kotlin/dev/brahmkshatriya/echo/common/models/Date.kt:47:45 'val dayOfMonth: Int' is deprecated. Use the 'day' property instead.
w: file:///home/runner/work/echo-nightly/echo-nightly/common/src/commonMain/kotlin/dev/brahmkshatriya/echo/common/models/Date.kt:48:20 'val monthNumber: Int' is deprecated. Use the 'month' property instead.
w: file:///home/runner/work/echo-nightly/echo-nightly/common/src/commonMain/kotlin/dev/brahmkshatriya/echo/common/models/Date.kt:51:19 'val dayOfMonth: Int' is deprecated. Use the 'day' property instead.
w: file:///home/runner/work/echo-nightly/echo-nightly/common/src/commonMain/kotlin/dev/brahmkshatriya/echo/common/models/Date.kt:52:20 'val dayOfMonth: Int' is deprecated. Use the 'day' property instead.
w: file:///home/runner/work/echo-nightly/echo-nightly/common/src/commonMain/kotlin/dev/brahmkshatriya/echo/common/models/EchoFile.kt:12:1 'expect'/'actual' classes (including interfaces, objects, annotations, enums, and 'actual' typealiases) are in Beta. Consider using the '-Xexpect-actual-classes' flag to suppress this warning. Also see: https://youtrack.jetbrains.com/issue/KT-61573
w: file:///home/runner/work/echo-nightly/echo-nightly/common/src/jvmCommon/kotlin/dev/brahmkshatriya/echo/common/models/EchoFileJvm.kt:12:1 'expect'/'actual' classes (including interfaces, objects, annotations, enums, and 'actual' typealiases) are in Beta. Consider using the '-Xexpect-actual-classes' flag to suppress this warning. Also see: https://youtrack.jetbrains.com/issue/KT-61573

> Task :common:compileKotlinJvm
w: file:///home/runner/work/echo-nightly/echo-nightly/common/src/commonMain/kotlin/dev/brahmkshatriya/echo/common/models/Date.kt:47:19 'val monthNumber: Int' is deprecated. Use the 'month' property instead.
w: file:///home/runner/work/echo-nightly/echo-nightly/common/src/commonMain/kotlin/dev/brahmkshatriya/echo/common/models/Date.kt:47:45 'val dayOfMonth: Int' is deprecated. Use the 'day' property instead.
w: file:///home/runner/work/echo-nightly/echo-nightly/common/src/commonMain/kotlin/dev/brahmkshatriya/echo/common/models/Date.kt:48:20 'val monthNumber: Int' is deprecated. Use the 'month' property instead.
w: file:///home/runner/work/echo-nightly/echo-nightly/common/src/commonMain/kotlin/dev/brahmkshatriya/echo/common/models/Date.kt:51:19 'val dayOfMonth: Int' is deprecated. Use the 'day' property instead.
w: file:///home/runner/work/echo-nightly/echo-nightly/common/src/commonMain/kotlin/dev/brahmkshatriya/echo/common/models/Date.kt:52:20 'val dayOfMonth: Int' is deprecated. Use the 'day' property instead.
w: file:///home/runner/work/echo-nightly/echo-nightly/common/src/commonMain/kotlin/dev/brahmkshatriya/echo/common/models/EchoFile.kt:12:1 'expect'/'actual' classes (including interfaces, objects, annotations, enums, and 'actual' typealiases) are in Beta. Consider using the '-Xexpect-actual-classes' flag to suppress this warning. Also see: https://youtrack.jetbrains.com/issue/KT-61573
w: file:///home/runner/work/echo-nightly/echo-nightly/common/src/jvmCommon/kotlin/dev/brahmkshatriya/echo/common/models/EchoFileJvm.kt:12:1 'expect'/'actual' classes (including interfaces, objects, annotations, enums, and 'actual' typealiases) are in Beta. Consider using the '-Xexpect-actual-classes' flag to suppress this warning. Also see: https://youtrack.jetbrains.com/issue/KT-61573

> Task :common:compileJvmMainJava NO-SOURCE
> Task :common:jvmMainClasses
> Task :common:processAndroidMainJavaRes
> Task :common:jvmJar
> Task :common:bundleAndroidMainClassesToCompileJar
> Task :common:mergeAndroidMainJavaResource
> Task :common:syncAndroidMainLibJars
> Task :common:bundleAndroidMainAar
> Task :common:assembleAndroidMain
> Task :common:assemble

> Task :composeApp:extractAndroidMainAnnotations
WARNING: [Processor] Library '/home/runner/.gradle/caches/modules-2/files-2.1/androidx.media3/media3-session/1.8.0/e28b8a1b7941dd4c4da264d5e622274e7c8e6488/media3-session-1.8.0.aar' contains references to both AndroidX and old support library. This seems like the library is partially migrated. Jetifier will try to rewrite the library anyway.
 Example of androidX reference: 'androidx/media3/session/legacy/LegacyParcelableUtil'
 Example of support library reference: 'android/support/v4/media/MediaDescriptionCompat'

> Task :composeApp:compileAndroidMain
w: file:///home/runner/work/echo-nightly/echo-nightly/composeApp/src/androidMain/kotlin/dev/brahmkshatriya/echo/player/audio/AndroidAudioPlayer.kt:120:28 The corresponding parameter in the supertype 'PlayerEngine' is named 'volume'. This may cause problems when calling this function with named arguments.
w: file:///home/runner/work/echo-nightly/echo-nightly/composeApp/src/androidMain/kotlin/dev/brahmkshatriya/echo/player/audio/AndroidAudioPlayer.kt:125:35 The corresponding parameter in the supertype 'PlayerEngine' is named 'speed'. This may cause problems when calling this function with named arguments.
w: file:///home/runner/work/echo-nightly/echo-nightly/composeApp/src/commonMain/kotlin/dev/brahmkshatriya/echo/player/ui/screens/PlayerScreen.kt:337:35 'val Icons.Filled.QueueMusic: ImageVector' is deprecated. Use the AutoMirrored version at Icons.AutoMirrored.Filled.QueueMusic.
w: file:///home/runner/work/echo-nightly/echo-nightly/composeApp/src/commonMain/kotlin/dev/brahmkshatriya/echo/player/ui/screens/PlayerScreen.kt:351:31 'val Icons.Filled.QueueMusic: ImageVector' is deprecated. Use the AutoMirrored version at Icons.AutoMirrored.Filled.QueueMusic.

> Task :composeApp:processAndroidMainJavaRes
> Task :composeApp:mergeAndroidMainJavaResource
> Task :composeApp:syncAndroidMainLibJars
> Task :composeApp:bundleAndroidMainAar
> Task :composeApp:assembleAndroidMain
> Task :composeApp:assemble
gradle/actions: Writing build results to /home/runner/work/_temp/.gradle-actions/build-results/__run_2-1788683795028.json

[Incubating] Problems report is available at: file:///home/runner/work/echo-nightly/echo-nightly/build/reports/problems/problems-report.html

BUILD SUCCESSFUL in 2m 45s
62 actionable tasks: 62 executed
Configuration cache entry stored.

------------------------------------------------------------
Tasks runnable from project ':composeApp'
------------------------------------------------------------

Android tasks
-------------
sourceSets - Prints out all the source sets defined in this project.

Build tasks
-----------
allMetadataJar - Assembles a jar archive containing the metadata for all Kotlin source sets.
androidSourcesJar - Assembles a jar archive containing the sources of target 'android'.
assemble - Assembles the outputs of this project.
assembleAndroidTest - Assembles all the Test applications.
assembleUnitTest - Assembles all the unit test applications.
build - Assembles and tests this project.
buildDependents - Assembles and tests this project and all projects that depend on it.
buildKotlinToolingMetadata - Build metadata json file containing information about the used Kotlin tooling
buildNeeded - Assembles and tests this project and all projects it depends on.
clean - Deletes the build directory.
cleanAllTests - Deletes all the test results.
compileAppleMainKotlinMetadata - Compiles a klibrary from the 'appleMain' compilation in target 'metadata'.
compileIosMainKotlinMetadata - Compiles a klibrary from the 'iosMain' compilation in target 'metadata'.
compileKotlinIosArm64 - Compiles a klibrary from the 'main' compilation in target 'iosArm64'.
compileKotlinIosSimulatorArm64 - Compiles a klibrary from the 'main' compilation in target 'iosSimulatorArm64'.
compileKotlinIosX64 - Compiles a klibrary from the 'main' compilation in target 'iosX64'.
compileNativeMainKotlinMetadata - Compiles a klibrary from the 'nativeMain' compilation in target 'metadata'.
compileTestKotlinIosArm64 - Compiles a klibrary from the 'test' compilation in target 'iosArm64'.
compileTestKotlinIosSimulatorArm64 - Compiles a klibrary from the 'test' compilation in target 'iosSimulatorArm64'.
compileTestKotlinIosX64 - Compiles a klibrary from the 'test' compilation in target 'iosX64'.
embedAndSignAppleFrameworkForXcode - Embed and sign  framework as requested by Xcode's environment variables
extractAndroidMainAnnotations - Extracts Android annotations for the androidMain variant into the archive file
iosArm64Binaries - Assembles outputs for target 'iosArm64'.
iosArm64MainBinaries - Links all binaries for compilation 'main' of target 'iosArm64'.
iosArm64MainKlibrary - Assembles outputs for compilation 'main' of target 'iosArm64'
iosArm64MetadataElements - Assembles Kotlin metadata of target 'iosArm64'.
iosArm64SourcesJar - Assembles a jar archive containing the sources of target 'iosArm64'.
iosArm64TestBinaries - Links all binaries for compilation 'test' of target 'iosArm64'.
iosArm64TestKlibrary - Assembles outputs for compilation 'test' of target 'iosArm64'
iosSimulatorArm64Binaries - Assembles outputs for target 'iosSimulatorArm64'.
iosSimulatorArm64MainBinaries - Links all binaries for compilation 'main' of target 'iosSimulatorArm64'.
iosSimulatorArm64MainKlibrary - Assembles outputs for compilation 'main' of target 'iosSimulatorArm64'
iosSimulatorArm64MetadataElements - Assembles Kotlin metadata of target 'iosSimulatorArm64'.
iosSimulatorArm64SourcesJar - Assembles a jar archive containing the sources of target 'iosSimulatorArm64'.
iosSimulatorArm64TestBinaries - Links all binaries for compilation 'test' of target 'iosSimulatorArm64'.
iosSimulatorArm64TestKlibrary - Assembles outputs for compilation 'test' of target 'iosSimulatorArm64'
iosX64Binaries - Assembles outputs for target 'iosX64'.
iosX64MainBinaries - Links all binaries for compilation 'main' of target 'iosX64'.
iosX64MainKlibrary - Assembles outputs for compilation 'main' of target 'iosX64'
iosX64MetadataElements - Assembles Kotlin metadata of target 'iosX64'.
iosX64SourcesJar - Assembles a jar archive containing the sources of target 'iosX64'.
iosX64TestBinaries - Links all binaries for compilation 'test' of target 'iosX64'.
iosX64TestKlibrary - Assembles outputs for compilation 'test' of target 'iosX64'
linkDebugFrameworkIosArm64 - Links a framework 'debugFramework' for a target 'iosArm64'.
linkDebugFrameworkIosSimulatorArm64 - Links a framework 'debugFramework' for a target 'iosSimulatorArm64'.
linkDebugFrameworkIosX64 - Links a framework 'debugFramework' for a target 'iosX64'.
linkDebugTestIosArm64 - Links a test executable 'debugTest' for a target 'iosArm64'.
linkDebugTestIosSimulatorArm64 - Links a test executable 'debugTest' for a target 'iosSimulatorArm64'.
linkDebugTestIosX64 - Links a test executable 'debugTest' for a target 'iosX64'.
linkIosArm64 - Links all binaries for target 'iosArm64'.
linkIosSimulatorArm64 - Links all binaries for target 'iosSimulatorArm64'.
linkIosX64 - Links all binaries for target 'iosX64'.
linkReleaseFrameworkIosArm64 - Links a framework 'releaseFramework' for a target 'iosArm64'.
linkReleaseFrameworkIosSimulatorArm64 - Links a framework 'releaseFramework' for a target 'iosSimulatorArm64'.
linkReleaseFrameworkIosX64 - Links a framework 'releaseFramework' for a target 'iosX64'.
metadataAppleMainClasses - Assembles outputs for compilation 'appleMain' of target 'metadata'
metadataCommonMainClasses - Assembles outputs for compilation 'commonMain' of target 'metadata'
metadataIosMainClasses - Assembles outputs for compilation 'iosMain' of target 'metadata'
metadataMainClasses - Assembles outputs for compilation 'main' of target 'metadata'
metadataNativeMainClasses - Assembles outputs for compilation 'nativeMain' of target 'metadata'
metadataSourcesJar - Assembles a jar archive containing the sources of target 'metadata'.
sourcesJar - Assembles a jar archive containing the sources of target 'kotlin'.

Compose tasks
-------------
composeCompatibilityBrowserDistribution - This task combines both js and wasm distributions into one so that wasm application fallback to js target if modern wasm feature are not supported

Help tasks
----------
artifactTransforms - Displays the Artifact Transforms that can be executed in project ':composeApp'.
buildEnvironment - Displays all buildscript dependencies declared in project ':composeApp'.
dependencies - Displays all dependencies declared in project ':composeApp'.
dependencyInsight - Displays the insight into a specific dependency in project ':composeApp'.
help - Displays a help message.
javaToolchains - Displays the detected java toolchains.
kotlinDslAccessorsReport - Prints the Kotlin code for accessing the currently available project extensions.
outgoingVariants - Displays the outgoing variants of project ':composeApp'.
projects - Displays the sub-projects of project ':composeApp'.
properties - Displays the properties of project ':composeApp'.
resolvableConfigurations - Displays the configurations that can be resolved in project ':composeApp'.
tasks - Displays the tasks runnable from project ':composeApp'.

Ide tasks
---------
resolveIdeDependencies - Debugging/Diagnosing task that will resolve dependencies for the IDE

Install tasks
-------------
androidUninstallAll - Uninstall all applications.

Interop tasks
-------------
cleanNativeDistributionCommonization - Deletes all previously commonized klib's from the Kotlin/Native distribution
commonize - Aggregator task for all c-interop & Native distribution commonizer tasks
commonizeNativeDistribution - Invokes the commonizer on platform libraries provided by the Kotlin/Native distribution
runCommonizer - [Deprecated: Use 'commonize' instead]

Verification tasks
------------------
allTests - Runs the tests for all targets and create aggregated report
androidConnectedCheck - Runs all device checks on currently connected devices.
androidDeviceCheck - Runs all device checks using Device Providers and Test Servers.
check - Runs all checks.
checkKotlinGradlePluginConfigurationErrors - Checks that Kotlin Gradle Plugin hasn't reported project configuration errors, failing otherwise. This task always runs before compileKotlin* or similar tasks.
iosSimulatorArm64Test - Executes Kotlin/Native unit tests for target iosSimulatorArm64.
iosX64Test - Executes Kotlin/Native unit tests for target iosX64.

Other tasks
-----------
androidCompileLintChecks
androidJar
androidPreBuild
assembleAndroidMain - Assembles main Android output for variant <androidMain>
assembleIosArm64MainResources
assembleIosArm64TestResources
assembleIosSimulatorArm64MainResources
assembleIosSimulatorArm64TestResources
assembleIosX64MainResources
assembleIosX64TestResources
bundleAndroidMainAar
bundleAndroidMainClassesToCompileJar
bundleAndroidMainClassesToRuntimeJar
bundleAndroidMainLocalLintAar
bundleLibRuntimeToDirAndroidMain
checkCanSyncComposeResourcesForIos
checkLegacyAbi
compileAndroidMain - Compiles the compilation 'main' in target 'android'.
compileCommonMainKotlinMetadata - Compiles the kotlin sources in compilation 'commonMain' in target 'metadata' to Metadata.
compileKotlinMetadata - Compiles the kotlin sources in compilation 'main' in target 'metadata' to Metadata.
compileLint
consumeConfigAttr
convertXmlValueResourcesForAndroidMain
convertXmlValueResourcesForAppleMain
convertXmlValueResourcesForAppleTest
convertXmlValueResourcesForCommonMain
convertXmlValueResourcesForCommonTest
convertXmlValueResourcesForIosArm64Main
convertXmlValueResourcesForIosArm64Test
convertXmlValueResourcesForIosMain
convertXmlValueResourcesForIosSimulatorArm64Main
convertXmlValueResourcesForIosSimulatorArm64Test
convertXmlValueResourcesForIosTest
convertXmlValueResourcesForIosX64Main
convertXmlValueResourcesForIosX64Test
convertXmlValueResourcesForNativeMain
convertXmlValueResourcesForNativeTest
copyAndroidMainComposeResourcesToAndroidAssets
copyAndroidMainJniLibsProjectOnly
copyNonXmlValueResourcesForAndroidMain
copyNonXmlValueResourcesForAppleMain
copyNonXmlValueResourcesForAppleTest
copyNonXmlValueResourcesForCommonMain
copyNonXmlValueResourcesForCommonTest
copyNonXmlValueResourcesForIosArm64Main
copyNonXmlValueResourcesForIosArm64Test
copyNonXmlValueResourcesForIosMain
copyNonXmlValueResourcesForIosSimulatorArm64Main
copyNonXmlValueResourcesForIosSimulatorArm64Test
copyNonXmlValueResourcesForIosTest
copyNonXmlValueResourcesForIosX64Main
copyNonXmlValueResourcesForIosX64Test
copyNonXmlValueResourcesForNativeMain
copyNonXmlValueResourcesForNativeTest
copyTestComposeResourcesForIosArm64
copyTestComposeResourcesForIosSimulatorArm64
copyTestComposeResourcesForIosX64
createFullJarAndroidMain
dumpLegacyAbi
exportCommonSourceSetsMetadataLocationsForMetadataApiElements
exportRootPublicationCoordinatesForMetadataApiElements
exportTargetPublicationCoordinatesForAndroidApiElements
exportTargetPublicationCoordinatesForAndroidRuntimeElements
exportTargetPublicationCoordinatesForIosArm64ApiElements
exportTargetPublicationCoordinatesForIosSimulatorArm64ApiElements
exportTargetPublicationCoordinatesForIosX64ApiElements
extractProguardFiles
generateActualResourceCollectorsForAndroidMain
generateActualResourceCollectorsForIosArm64Main
generateActualResourceCollectorsForIosSimulatorArm64Main
generateActualResourceCollectorsForIosX64Main
generateAndroidMainEmptyResourceFiles
generateComposeResClass
generateExpectResourceCollectorsForCommonMain
generateProjectStructureMetadata - Generates serialized project structure metadata of the current project (for tooling)
generateResourceAccessorsForAndroidMain
generateResourceAccessorsForAppleMain
generateResourceAccessorsForAppleTest
generateResourceAccessorsForCommonMain
generateResourceAccessorsForCommonTest
generateResourceAccessorsForIosArm64Main
generateResourceAccessorsForIosArm64Test
generateResourceAccessorsForIosMain
generateResourceAccessorsForIosSimulatorArm64Main
generateResourceAccessorsForIosSimulatorArm64Test
generateResourceAccessorsForIosTest
generateResourceAccessorsForIosX64Main
generateResourceAccessorsForIosX64Test
generateResourceAccessorsForNativeMain
generateResourceAccessorsForNativeTest
iosArm64AggregateResources
iosArm64CopyHierarchicalMultiplatformResources
iosArm64Klib
iosArm64ProcessResources - Processes file collection.
iosArm64ResolveResourcesFromDependencies
iosArm64ResolveSelfResourcesCopyHierarchicalMultiplatformResources
iosArm64TestProcessResources - Processes file collection.
iosArm64ZipMultiplatformResourcesForPublication
iosSimulatorArm64AggregateResources
iosSimulatorArm64CopyHierarchicalMultiplatformResources
iosSimulatorArm64Klib
iosSimulatorArm64ProcessResources - Processes file collection.
iosSimulatorArm64ResolveResourcesFromDependencies
iosSimulatorArm64ResolveSelfResourcesCopyHierarchicalMultiplatformResources
iosSimulatorArm64TestProcessResources - Processes file collection.
iosSimulatorArm64ZipMultiplatformResourcesForPublication
iosX64AggregateResources
iosX64CopyHierarchicalMultiplatformResources
iosX64Klib
iosX64ProcessResources - Processes file collection.
iosX64ResolveResourcesFromDependencies
iosX64ResolveSelfResourcesCopyHierarchicalMultiplatformResources
iosX64TestProcessResources - Processes file collection.
iosX64ZipMultiplatformResourcesForPublication
linkDebugFrameworkIosFat
linkReleaseFrameworkIosFat
mergeAndroidMainJavaResource
mergeAndroidMainJniLibFolders
mergeAndroidMainNativeLibs
metadataAppleMainProcessResources - Processes file collection.
metadataCommonMainProcessResources - Processes file collection.
metadataIosMainProcessResources - Processes file collection.
metadataNativeMainProcessResources - Processes file collection.
metadataProcessResources - Processes file collection.
preAndroidMainBuild
prepareAndroidMainArtProfile
prepareComposeResourcesTaskForAndroidMain
prepareComposeResourcesTaskForAppleMain
prepareComposeResourcesTaskForAppleTest
prepareComposeResourcesTaskForCommonMain
prepareComposeResourcesTaskForCommonTest
prepareComposeResourcesTaskForIosArm64Main
prepareComposeResourcesTaskForIosArm64Test
prepareComposeResourcesTaskForIosMain
prepareComposeResourcesTaskForIosSimulatorArm64Main
prepareComposeResourcesTaskForIosSimulatorArm64Test
prepareComposeResourcesTaskForIosTest
prepareComposeResourcesTaskForIosX64Main
prepareComposeResourcesTaskForIosX64Test
prepareComposeResourcesTaskForNativeMain
prepareComposeResourcesTaskForNativeTest
prepareKotlinIdeaImport - Umbrella for all tasks required to run before IDEA/Gradle import
prepareLintJarForPublish
processAndroidMainJavaRes
processAndroidMainManifest
resolveConfigAttr
setupLldbScript - Generate lldbinit file with imported konan_lldb.py script
syncAndroidMainLibJars
syncComposeResourcesForIos
transformAppleMainDependenciesMetadata - Generates serialized dependencies metadata for compilation 'appleMain' (for tooling)
transformCommonMainDependenciesMetadata - Generates serialized dependencies metadata for compilation 'commonMain' (for tooling)
transformDependenciesMetadata
transformIosMainDependenciesMetadata - Generates serialized dependencies metadata for compilation 'iosMain' (for tooling)
transformNativeMainDependenciesMetadata - Generates serialized dependencies metadata for compilation 'nativeMain' (for tooling)
updateLegacyAbi
writeAndroidMainAarMetadata
xcodeVersion

Rules
-----
Pattern: clean<TaskName>: Cleans the output files of a task.
Pattern: build<ConfigurationName>: Assembles the artifacts of a configuration.
Calculating task graph as no cached configuration is available for tasks: :app:assembleDebug

> Configure project :common
w: ⚠️ Disabled Kotlin/Native Targets
The following Kotlin/Native targets cannot be built on this machine and are disabled:
iosArm64, iosSimulatorArm64, iosX64
Solution: To hide this message, add 'kotlin.native.ignoreDisabledTargets=true' to the Gradle properties.


> Configure project :composeApp
w: ⚠️ Disabled Kotlin/Native Targets
The following Kotlin/Native targets cannot be built on this machine and are disabled:
iosArm64, iosSimulatorArm64, iosX64
Solution: To hide this message, add 'kotlin.native.ignoreDisabledTargets=true' to the Gradle properties.


> Task :app:preBuild UP-TO-DATE
> Task :common:androidPreBuild UP-TO-DATE
> Task :app:checkKotlinGradlePluginConfigurationErrors SKIPPED
> Task :app:preDebugBuild UP-TO-DATE
> Task :common:checkKotlinGradlePluginConfigurationErrors SKIPPED
> Task :common:preAndroidMainBuild UP-TO-DATE
> Task :app:mergeDebugNativeDebugMetadata NO-SOURCE
> Task :app:generateDebugResValues
> Task :common:generateAndroidMainEmptyResourceFiles UP-TO-DATE
> Task :app:generateDebugBuildConfig
> Task :app:generateDebugResources
> Task :common:writeAndroidMainAarMetadata UP-TO-DATE
> Task :app:extractDebugSupportedLocales
> Task :app:generateDebugLocaleConfig
> Task :app:mapDebugSourceSetPaths
> Task :app:checkDebugAarMetadata
> Task :app:createDebugCompatibleScreenManifests
> Task :app:dataBindingMergeDependencyArtifactsDebug
> Task :common:processAndroidMainManifest UP-TO-DATE
> Task :app:extractDeepLinksDebug
> Task :common:compileAndroidMain UP-TO-DATE
> Task :common:bundleAndroidMainClassesToCompileJar UP-TO-DATE
> Task :app:processDebugMainManifest
> Task :app:processDebugManifest
> Task :app:processDebugManifestForPackage
> Task :app:mergeDebugShaders
> Task :app:compileDebugShaders NO-SOURCE
> Task :app:generateDebugAssets UP-TO-DATE
> Task :app:javaPreCompileDebug
> Task :common:bundleAndroidMainClassesToRuntimeJar
> Task :app:mergeDebugAssets
> Task :app:compressDebugAssets
> Task :app:desugarDebugFileDependencies
> Task :common:processAndroidMainJavaRes UP-TO-DATE
> Task :app:packageDebugResources
> Task :app:parseDebugLocalResources
> Task :app:checkDebugDuplicateClasses
> Task :common:bundleLibRuntimeToDirAndroidMain
> Task :app:mergeDebugResources
> Task :app:mergeExtDexDebug
> Task :app:mergeDebugJniLibFolders
> Task :app:mergeLibDexDebug
> Task :app:dataBindingGenBaseClassesDebug
> Task :common:mergeAndroidMainJniLibFolders UP-TO-DATE
> Task :common:mergeAndroidMainNativeLibs NO-SOURCE
> Task :common:copyAndroidMainJniLibsProjectOnly UP-TO-DATE
> Task :app:mergeDebugNativeLibs NO-SOURCE
> Task :app:stripDebugDebugSymbols NO-SOURCE
> Task :app:writeDebugAppMetadata
> Task :app:writeDebugSigningConfigVersions
> Task :app:validateSigningDebug
> Task :app:processDebugResources
> Task :app:kspDebugKotlin

> Task :app:compileDebugKotlin FAILED
e: file:///home/runner/work/echo-nightly/echo-nightly/app/src/main/java/dev/brahmkshatriya/echo/download/tasks/MergingTask.kt:19:50 Argument type mismatch: actual type is 'List<File>', but 'List<EchoFile>' was expected.
e: file:///home/runner/work/echo-nightly/echo-nightly/app/src/main/java/dev/brahmkshatriya/echo/download/tasks/TaggingTask.kt:21:48 Argument type mismatch: actual type is 'File', but 'EchoFile' was expected.
e: file:///home/runner/work/echo-nightly/echo-nightly/app/src/main/java/dev/brahmkshatriya/echo/extensions/builtin/test/DownloadExtension.kt:30:1 Class 'DownloadExtension' is not abstract and does not implement abstract members:
suspend fun merge(progressFlow: MutableStateFlow<Progress>, context: DownloadContext, files: List<EchoFile>): EchoFile
suspend fun tag(progressFlow: MutableStateFlow<Progress>, context: DownloadContext, file: EchoFile): EchoFile
e: file:///home/runner/work/echo-nightly/echo-nightly/app/src/main/java/dev/brahmkshatriya/echo/extensions/builtin/test/DownloadExtension.kt:60:26 Return type of 'download' is not a subtype of the return type of the overridden member 'suspend fun download(progressFlow: MutableStateFlow<Progress>, context: DownloadContext, source: Streamable.Source): EchoFile' defined in 'dev/brahmkshatriya/echo/common/clients/DownloadClient'.
e: file:///home/runner/work/echo-nightly/echo-nightly/app/src/main/java/dev/brahmkshatriya/echo/extensions/builtin/test/DownloadExtension.kt:66:5 'merge' overrides nothing. Potential signatures for overriding:
suspend fun merge(progressFlow: MutableStateFlow<Progress>, context: DownloadContext, files: List<EchoFile>): EchoFile
e: file:///home/runner/work/echo-nightly/echo-nightly/app/src/main/java/dev/brahmkshatriya/echo/extensions/builtin/test/DownloadExtension.kt:72:5 'tag' overrides nothing. Potential signatures for overriding:
suspend fun tag(progressFlow: MutableStateFlow<Progress>, context: DownloadContext, file: EchoFile): EchoFile
e: file:///home/runner/work/echo-nightly/echo-nightly/app/src/main/java/dev/brahmkshatriya/echo/extensions/builtin/unified/UnifiedExtension.kt:64:1 Class 'UnifiedExtension' is not abstract and does not implement abstract member:
suspend fun editPlaylistCover(playlist: Playlist, cover: EchoFile?): Unit
e: file:///home/runner/work/echo-nightly/echo-nightly/app/src/main/java/dev/brahmkshatriya/echo/extensions/builtin/unified/UnifiedExtension.kt:568:5 'editPlaylistCover' overrides nothing. Potential signatures for overriding:
suspend fun editPlaylistCover(playlist: Playlist, cover: EchoFile?): Unit
e: file:///home/runner/work/echo-nightly/echo-nightly/app/src/main/java/dev/brahmkshatriya/echo/ui/playlist/edit/EditPlaylistViewModel.kt:177:49 Argument type mismatch: actual type is 'File', but 'EchoFile?' was expected.
gradle/actions: Writing build results to /home/runner/work/_temp/.gradle-actions/build-results/__run_4-1788683957026.json

[Incubating] Problems report is available at: file:///home/runner/work/echo-nightly/echo-nightly/build/reports/problems/problems-report.html

FAILURE: Build failed with an exception.

* What went wrong:
Execution failed for task ':app:compileDebugKotlin'.
> A failure occurred while executing org.jetbrains.kotlin.compilerRunner.GradleCompilerRunnerWithWorkers$GradleKotlinCompilerWorkAction
   > Compilation error. See log for more details

* Try:
> Run with --info or --debug option to get more log output.
> Run with --scan to generate a Build Scan (Powered by Develocity).
> Get more help at https://help.gradle.org.

* Exception is:
org.gradle.api.tasks.TaskExecutionException: Execution failed for task ':app:compileDebugKotlin'.
	at org.gradle.api.internal.tasks.execution.ExecuteActionsTaskExecuter.lambda$executeIfValid$1(ExecuteActionsTaskExecuter.java:135)
	at org.gradle.internal.Try$Failure.ifSuccessfulOrElse(Try.java:288)
	at org.gradle.api.internal.tasks.execution.ExecuteActionsTaskExecuter.executeIfValid(ExecuteActionsTaskExecuter.java:133)
	at org.gradle.api.internal.tasks.execution.ExecuteActionsTaskExecuter.execute(ExecuteActionsTaskExecuter.java:121)
	at org.gradle.api.internal.tasks.execution.ProblemsTaskPathTrackingTaskExecuter.execute(ProblemsTaskPathTrackingTaskExecuter.java:41)
	at org.gradle.api.internal.tasks.execution.FinalizePropertiesTaskExecuter.execute(FinalizePropertiesTaskExecuter.java:46)
	at org.gradle.api.internal.tasks.execution.ResolveTaskExecutionModeExecuter.execute(ResolveTaskExecutionModeExecuter.java:51)
	at org.gradle.api.internal.tasks.execution.SkipTaskWithNoActionsExecuter.execute(SkipTaskWithNoActionsExecuter.java:57)
	at org.gradle.api.internal.tasks.execution.SkipOnlyIfTaskExecuter.execute(SkipOnlyIfTaskExecuter.java:74)
	at org.gradle.api.internal.tasks.execution.CatchExceptionTaskExecuter.execute(CatchExceptionTaskExecuter.java:36)
	at org.gradle.api.internal.tasks.execution.EventFiringTaskExecuter$1.executeTask(EventFiringTaskExecuter.java:77)
	at org.gradle.api.internal.tasks.execution.EventFiringTaskExecuter$1.call(EventFiringTaskExecuter.java:55)
	at org.gradle.api.internal.tasks.execution.EventFiringTaskExecuter$1.call(EventFiringTaskExecuter.java:52)
	at org.gradle.internal.operations.DefaultBuildOperationRunner$CallableBuildOperationWorker.execute(DefaultBuildOperationRunner.java:209)
	at org.gradle.internal.operations.DefaultBuildOperationRunner$CallableBuildOperationWorker.execute(DefaultBuildOperationRunner.java:204)
	at org.gradle.internal.operations.DefaultBuildOperationRunner$2.execute(DefaultBuildOperationRunner.java:66)
	at org.gradle.internal.operations.DefaultBuildOperationRunner$2.execute(DefaultBuildOperationRunner.java:59)
	at org.gradle.internal.operations.DefaultBuildOperationRunner.execute(DefaultBuildOperationRunner.java:166)
	at org.gradle.internal.operations.DefaultBuildOperationRunner.execute(DefaultBuildOperationRunner.java:59)
	at org.gradle.internal.operations.DefaultBuildOperationRunner.call(DefaultBuildOperationRunner.java:53)
	at org.gradle.api.internal.tasks.execution.EventFiringTaskExecuter.execute(EventFiringTaskExecuter.java:52)
	at org.gradle.execution.plan.LocalTaskNodeExecutor.execute(LocalTaskNodeExecutor.java:45)
	at org.gradle.execution.taskgraph.DefaultTaskExecutionGraph$InvokeNodeExecutorsAction.execute(DefaultTaskExecutionGraph.java:347)
	at org.gradle.execution.taskgraph.DefaultTaskExecutionGraph$InvokeNodeExecutorsAction.execute(DefaultTaskExecutionGraph.java:334)
	at org.gradle.execution.taskgraph.DefaultTaskExecutionGraph$BuildOperationAwareExecutionAction.lambda$execute$0(DefaultTaskExecutionGraph.java:330)
	at org.gradle.internal.operations.CurrentBuildOperationRef.with(CurrentBuildOperationRef.java:84)
	at org.gradle.execution.taskgraph.DefaultTaskExecutionGraph$BuildOperationAwareExecutionAction.execute(DefaultTaskExecutionGraph.java:330)
	at org.gradle.execution.taskgraph.DefaultTaskExecutionGraph$BuildOperationAwareExecutionAction.execute(DefaultTaskExecutionGraph.java:319)
	at org.gradle.execution.plan.DefaultPlanExecutor$ExecutorWorker.execute(DefaultPlanExecutor.java:459)
	at org.gradle.execution.plan.DefaultPlanExecutor$ExecutorWorker.run(DefaultPlanExecutor.java:376)
	at org.gradle.internal.concurrent.ExecutorPolicy$CatchAndRecordFailures.onExecute(ExecutorPolicy.java:64)
	at org.gradle.internal.concurrent.AbstractManagedExecutor$1.run(AbstractManagedExecutor.java:47)
Caused by: org.gradle.workers.internal.DefaultWorkerExecutor$WorkExecutionException: A failure occurred while executing org.jetbrains.kotlin.compilerRunner.GradleCompilerRunnerWithWorkers$GradleKotlinCompilerWorkAction
	at org.gradle.workers.internal.DefaultWorkerExecutor$WorkItemExecution.waitForCompletion(DefaultWorkerExecutor.java:289)
	at org.gradle.internal.work.DefaultAsyncWorkTracker.lambda$waitForItemsAndGatherFailures$2(DefaultAsyncWorkTracker.java:130)
	at org.gradle.internal.Factories$1.create(Factories.java:31)
	at org.gradle.internal.work.DefaultWorkerLeaseService.withoutLocks(DefaultWorkerLeaseService.java:335)
	at org.gradle.internal.work.DefaultWorkerLeaseService.withoutLocks(DefaultWorkerLeaseService.java:318)
	at org.gradle.internal.work.DefaultWorkerLeaseService.withoutLock(DefaultWorkerLeaseService.java:323)
	at org.gradle.internal.work.DefaultAsyncWorkTracker.waitForItemsAndGatherFailures(DefaultAsyncWorkTracker.java:126)
	at org.gradle.internal.work.DefaultAsyncWorkTracker.waitForItemsAndGatherFailures(DefaultAsyncWorkTracker.java:92)
	at org.gradle.internal.work.DefaultAsyncWorkTracker.waitForAll(DefaultAsyncWorkTracker.java:78)
	at org.gradle.internal.work.DefaultAsyncWorkTracker.waitForCompletion(DefaultAsyncWorkTracker.java:66)
	at org.gradle.api.internal.tasks.execution.TaskExecution$3.run(TaskExecution.java:260)
	at org.gradle.internal.operations.DefaultBuildOperationRunner$1.execute(DefaultBuildOperationRunner.java:29)
	at org.gradle.internal.operations.DefaultBuildOperationRunner$1.execute(DefaultBuildOperationRunner.java:26)
	at org.gradle.internal.operations.DefaultBuildOperationRunner$2.execute(DefaultBuildOperationRunner.java:66)
	at org.gradle.internal.operations.DefaultBuildOperationRunner$2.execute(DefaultBuildOperationRunner.java:59)
	at org.gradle.internal.operations.DefaultBuildOperationRunner.execute(DefaultBuildOperationRunner.java:166)
	at org.gradle.internal.operations.DefaultBuildOperationRunner.execute(DefaultBuildOperationRunner.java:59)
	at org.gradle.internal.operations.DefaultBuildOperationRunner.run(DefaultBuildOperationRunner.java:47)
	at org.gradle.api.internal.tasks.execution.TaskExecution.executeAction(TaskExecution.java:237)
	at org.gradle.api.internal.tasks.execution.TaskExecution.executeActions(TaskExecution.java:220)
	at org.gradle.api.internal.tasks.execution.TaskExecution.executeWithPreviousOutputFiles(TaskExecution.java:203)
	at org.gradle.api.internal.tasks.execution.TaskExecution.execute(TaskExecution.java:170)
	at org.gradle.internal.execution.steps.ExecuteStep.executeInternal(ExecuteStep.java:105)
	at org.gradle.internal.execution.steps.ExecuteStep.access$000(ExecuteStep.java:44)
	at org.gradle.internal.execution.steps.ExecuteStep$1.call(ExecuteStep.java:59)
	at org.gradle.internal.execution.steps.ExecuteStep$1.call(ExecuteStep.java:56)
	at org.gradle.internal.operations.DefaultBuildOperationRunner$CallableBuildOperationWorker.execute(DefaultBuildOperationRunner.java:209)
	at org.gradle.internal.operations.DefaultBuildOperationRunner$CallableBuildOperationWorker.execute(DefaultBuildOperationRunner.java:204)
	at org.gradle.internal.operations.DefaultBuildOperationRunner$2.execute(DefaultBuildOperationRunner.java:66)
	at org.gradle.internal.operations.DefaultBuildOperationRunner$2.execute(DefaultBuildOperationRunner.java:59)
	at org.gradle.internal.operations.DefaultBuildOperationRunner.execute(DefaultBuildOperationRunner.java:166)
	at org.gradle.internal.operations.DefaultBuildOperationRunner.execute(DefaultBuildOperationRunner.java:59)
	at org.gradle.internal.operations.DefaultBuildOperationRunner.call(DefaultBuildOperationRunner.java:53)
	at org.gradle.internal.execution.steps.ExecuteStep.execute(ExecuteStep.java:56)
	at org.gradle.internal.execution.steps.ExecuteStep.execute(ExecuteStep.java:44)
	at org.gradle.internal.execution.steps.CancelExecutionStep.execute(CancelExecutionStep.java:42)
	at org.gradle.internal.execution.steps.TimeoutStep.executeWithoutTimeout(TimeoutStep.java:75)
	at org.gradle.internal.execution.steps.TimeoutStep.execute(TimeoutStep.java:55)
	at org.gradle.internal.execution.steps.PreCreateOutputParentsStep.execute(PreCreateOutputParentsStep.java:50)
	at org.gradle.internal.execution.steps.PreCreateOutputParentsStep.execute(PreCreateOutputParentsStep.java:28)
	at org.gradle.internal.execution.steps.RemovePreviousOutputsStep.execute(RemovePreviousOutputsStep.java:68)
	at org.gradle.internal.execution.steps.RemovePreviousOutputsStep.execute(RemovePreviousOutputsStep.java:38)
	at org.gradle.internal.execution.steps.BroadcastChangingOutputsStep.execute(BroadcastChangingOutputsStep.java:61)
	at org.gradle.internal.execution.steps.BroadcastChangingOutputsStep.execute(BroadcastChangingOutputsStep.java:26)
	at org.gradle.internal.execution.steps.CaptureOutputsAfterExecutionStep.execute(CaptureOutputsAfterExecutionStep.java:69)
	at org.gradle.internal.execution.steps.CaptureOutputsAfterExecutionStep.execute(CaptureOutputsAfterExecutionStep.java:46)
	at org.gradle.internal.execution.steps.ResolveInputChangesStep.execute(ResolveInputChangesStep.java:39)
	at org.gradle.internal.execution.steps.ResolveInputChangesStep.execute(ResolveInputChangesStep.java:28)
	at org.gradle.internal.execution.steps.BuildCacheStep.executeWithoutCache(BuildCacheStep.java:189)
	at org.gradle.internal.execution.steps.BuildCacheStep.executeAndStoreInCache(BuildCacheStep.java:145)
	at org.gradle.internal.execution.steps.BuildCacheStep.lambda$executeWithCache$4(BuildCacheStep.java:101)
	at org.gradle.internal.execution.steps.BuildCacheStep.lambda$executeWithCache$5(BuildCacheStep.java:101)
	at org.gradle.internal.Try$Success.map(Try.java:170)
	at org.gradle.internal.execution.steps.BuildCacheStep.executeWithCache(BuildCacheStep.java:85)
	at org.gradle.internal.execution.steps.BuildCacheStep.lambda$execute$0(BuildCacheStep.java:74)
	at org.gradle.internal.Either$Left.fold(Either.java:116)
	at org.gradle.internal.execution.caching.CachingState.fold(CachingState.java:62)
	at org.gradle.internal.execution.steps.BuildCacheStep.execute(BuildCacheStep.java:73)
	at org.gradle.internal.execution.steps.BuildCacheStep.execute(BuildCacheStep.java:48)
	at org.gradle.internal.execution.steps.StoreExecutionStateStep.execute(StoreExecutionStateStep.java:46)
	at org.gradle.internal.execution.steps.StoreExecutionStateStep.execute(StoreExecutionStateStep.java:35)
	at org.gradle.internal.execution.steps.SkipUpToDateStep.executeBecause(SkipUpToDateStep.java:75)
	at org.gradle.internal.execution.steps.SkipUpToDateStep.lambda$execute$2(SkipUpToDateStep.java:53)
	at org.gradle.internal.execution.steps.SkipUpToDateStep.execute(SkipUpToDateStep.java:53)
	at org.gradle.internal.execution.steps.SkipUpToDateStep.execute(SkipUpToDateStep.java:35)
	at org.gradle.internal.execution.steps.legacy.MarkSnapshottingInputsFinishedStep.execute(MarkSnapshottingInputsFinishedStep.java:37)
	at org.gradle.internal.execution.steps.legacy.MarkSnapshottingInputsFinishedStep.execute(MarkSnapshottingInputsFinishedStep.java:27)
	at org.gradle.internal.execution.steps.ResolveIncrementalCachingStateStep.executeDelegate(ResolveIncrementalCachingStateStep.java:49)
	at org.gradle.internal.execution.steps.ResolveIncrementalCachingStateStep.executeDelegate(ResolveIncrementalCachingStateStep.java:27)
	at org.gradle.internal.execution.steps.AbstractResolveCachingStateStep.execute(AbstractResolveCachingStateStep.java:71)
	at org.gradle.internal.execution.steps.AbstractResolveCachingStateStep.execute(AbstractResolveCachingStateStep.java:39)
	at org.gradle.internal.execution.steps.ResolveChangesStep.execute(ResolveChangesStep.java:64)
	at org.gradle.internal.execution.steps.ResolveChangesStep.execute(ResolveChangesStep.java:35)
	at org.gradle.internal.execution.steps.ValidateStep.execute(ValidateStep.java:62)
	at org.gradle.internal.execution.steps.ValidateStep.execute(ValidateStep.java:40)
	at org.gradle.internal.execution.steps.AbstractCaptureStateBeforeExecutionStep.execute(AbstractCaptureStateBeforeExecutionStep.java:76)
	at org.gradle.internal.execution.steps.AbstractCaptureStateBeforeExecutionStep.execute(AbstractCaptureStateBeforeExecutionStep.java:45)
	at org.gradle.internal.execution.steps.AbstractSkipEmptyWorkStep.executeWithNonEmptySources(AbstractSkipEmptyWorkStep.java:136)
	at org.gradle.internal.execution.steps.AbstractSkipEmptyWorkStep.execute(AbstractSkipEmptyWorkStep.java:66)
	at org.gradle.internal.execution.steps.AbstractSkipEmptyWorkStep.execute(AbstractSkipEmptyWorkStep.java:38)
	at org.gradle.internal.execution.steps.legacy.MarkSnapshottingInputsStartedStep.execute(MarkSnapshottingInputsStartedStep.java:38)
	at org.gradle.internal.execution.steps.LoadPreviousExecutionStateStep.execute(LoadPreviousExecutionStateStep.java:36)
	at org.gradle.internal.execution.steps.LoadPreviousExecutionStateStep.execute(LoadPreviousExecutionStateStep.java:23)
	at org.gradle.internal.execution.steps.HandleStaleOutputsStep.execute(HandleStaleOutputsStep.java:75)
	at org.gradle.internal.execution.steps.HandleStaleOutputsStep.execute(HandleStaleOutputsStep.java:41)
	at org.gradle.internal.execution.steps.AssignMutableWorkspaceStep.lambda$execute$0(AssignMutableWorkspaceStep.java:35)
	at org.gradle.api.internal.tasks.execution.TaskExecution$4.withWorkspace(TaskExecution.java:297)
	at org.gradle.internal.execution.steps.AssignMutableWorkspaceStep.execute(AssignMutableWorkspaceStep.java:31)
	at org.gradle.internal.execution.steps.AssignMutableWorkspaceStep.execute(AssignMutableWorkspaceStep.java:22)
	at org.gradle.internal.execution.steps.ChoosePipelineStep.execute(ChoosePipelineStep.java:40)
	at org.gradle.internal.execution.steps.ChoosePipelineStep.execute(ChoosePipelineStep.java:23)
	at org.gradle.internal.execution.steps.ExecuteWorkBuildOperationFiringStep.lambda$execute$2(ExecuteWorkBuildOperationFiringStep.java:67)
	at org.gradle.internal.execution.steps.ExecuteWorkBuildOperationFiringStep.execute(ExecuteWorkBuildOperationFiringStep.java:67)
	at org.gradle.internal.execution.steps.ExecuteWorkBuildOperationFiringStep.execute(ExecuteWorkBuildOperationFiringStep.java:39)
	at org.gradle.internal.execution.steps.IdentityCacheStep.execute(IdentityCacheStep.java:46)
	at org.gradle.internal.execution.steps.IdentityCacheStep.execute(IdentityCacheStep.java:34)
	at org.gradle.internal.execution.steps.IdentifyStep.execute(IdentifyStep.java:47)
	at org.gradle.internal.execution.steps.IdentifyStep.execute(IdentifyStep.java:34)
	at org.gradle.internal.execution.impl.DefaultExecutionEngine$1.execute(DefaultExecutionEngine.java:64)
	at org.gradle.api.internal.tasks.execution.ExecuteActionsTaskExecuter.executeIfValid(ExecuteActionsTaskExecuter.java:132)
	... 29 more
Caused by: org.jetbrains.kotlin.gradle.tasks.CompilationErrorException: Compilation error. See log for more details
	at org.jetbrains.kotlin.gradle.tasks.TasksUtilsKt.throwExceptionIfCompilationFailed(tasksUtils.kt:21)
	at org.jetbrains.kotlin.compilerRunner.GradleKotlinCompilerWork.run(GradleKotlinCompilerWork.kt:119)
	at org.jetbrains.kotlin.compilerRunner.GradleCompilerRunnerWithWorkers$GradleKotlinCompilerWorkAction.execute(GradleCompilerRunnerWithWorkers.kt:74)
	at org.gradle.workers.internal.DefaultWorkerServer.execute(DefaultWorkerServer.java:68)
	at org.gradle.workers.internal.NoIsolationWorkerFactory$1$1.create(NoIsolationWorkerFactory.java:66)
	at org.gradle.workers.internal.NoIsolationWorkerFactory$1$1.create(NoIsolationWorkerFactory.java:62)
	at org.gradle.internal.classloader.ClassLoaderUtils.executeInClassloader(ClassLoaderUtils.java:100)
	at org.gradle.workers.internal.NoIsolationWorkerFactory$1.lambda$execute$0(NoIsolationWorkerFactory.java:62)
	at org.gradle.workers.internal.AbstractWorker$1.call(AbstractWorker.java:44)
	at org.gradle.workers.internal.AbstractWorker$1.call(AbstractWorker.java:41)
	at org.gradle.internal.operations.DefaultBuildOperationRunner$CallableBuildOperationWorker.execute(DefaultBuildOperationRunner.java:209)
	at org.gradle.internal.operations.DefaultBuildOperationRunner$CallableBuildOperationWorker.execute(DefaultBuildOperationRunner.java:204)
	at org.gradle.internal.operations.DefaultBuildOperationRunner$2.execute(DefaultBuildOperationRunner.java:66)
	at org.gradle.internal.operations.DefaultBuildOperationRunner$2.execute(DefaultBuildOperationRunner.java:59)
	at org.gradle.internal.operations.DefaultBuildOperationRunner.execute(DefaultBuildOperationRunner.java:166)
	at org.gradle.internal.operations.DefaultBuildOperationRunner.execute(DefaultBuildOperationRunner.java:59)
	at org.gradle.internal.operations.DefaultBuildOperationRunner.call(DefaultBuildOperationRunner.java:53)
	at org.gradle.workers.internal.AbstractWorker.executeWrappedInBuildOperation(AbstractWorker.java:41)
	at org.gradle.workers.internal.NoIsolationWorkerFactory$1.execute(NoIsolationWorkerFactory.java:59)
	at org.gradle.workers.internal.DefaultWorkerExecutor.lambda$submitWork$0(DefaultWorkerExecutor.java:176)
	at org.gradle.internal.work.DefaultConditionalExecutionQueue$ExecutionRunner.runExecution(DefaultConditionalExecutionQueue.java:194)
	at org.gradle.internal.work.DefaultConditionalExecutionQueue$ExecutionRunner.access$700(DefaultConditionalExecutionQueue.java:127)
	at org.gradle.internal.work.DefaultConditionalExecutionQueue$ExecutionRunner$1.run(DefaultConditionalExecutionQueue.java:169)
	at org.gradle.internal.Factories$1.create(Factories.java:31)
	at org.gradle.internal.work.DefaultWorkerLeaseService.withLocks(DefaultWorkerLeaseService.java:263)
	at org.gradle.internal.work.DefaultWorkerLeaseService.runAsWorkerThread(DefaultWorkerLeaseService.java:127)
	at org.gradle.internal.work.DefaultWorkerLeaseService.runAsWorkerThread(DefaultWorkerLeaseService.java:132)
	at org.gradle.internal.work.DefaultConditionalExecutionQueue$ExecutionRunner.runBatch(DefaultConditionalExecutionQueue.java:164)
	at org.gradle.internal.work.DefaultConditionalExecutionQueue$ExecutionRunner.run(DefaultConditionalExecutionQueue.java:133)
	... 2 more


BUILD FAILED in 2m 4s
42 actionable tasks: 34 executed, 8 up-to-date
Configuration cache entry stored.
