Starting a Gradle Daemon (subsequent builds will be faster)
Calculating task graph as no cached configuration is available for tasks: :composeApp:compileKotlinIosArm64 :composeApp:compileKotlinIosSimulatorArm64 :composeApp:compileKotlinIosX64 :common:compileKotlinIosArm64
> Task :composeApp:checkKotlinGradlePluginConfigurationErrors SKIPPED
> Task :common:checkKotlinGradlePluginConfigurationErrors SKIPPED
> Task :composeApp:convertXmlValueResourcesForCommonMain NO-SOURCE
> Task :composeApp:convertXmlValueResourcesForAppleMain NO-SOURCE
> Task :composeApp:copyNonXmlValueResourcesForCommonMain NO-SOURCE
> Task :composeApp:copyNonXmlValueResourcesForAppleMain NO-SOURCE
> Task :composeApp:prepareComposeResourcesTaskForAppleMain NO-SOURCE
> Task :composeApp:generateResourceAccessorsForAppleMain SKIPPED
> Task :composeApp:prepareComposeResourcesTaskForCommonMain NO-SOURCE
> Task :composeApp:generateResourceAccessorsForCommonMain SKIPPED
> Task :composeApp:convertXmlValueResourcesForIosArm64Main NO-SOURCE
> Task :composeApp:convertXmlValueResourcesForIosMain NO-SOURCE
> Task :composeApp:copyNonXmlValueResourcesForIosArm64Main NO-SOURCE
> Task :composeApp:prepareComposeResourcesTaskForIosArm64Main NO-SOURCE
> Task :composeApp:copyNonXmlValueResourcesForIosMain NO-SOURCE
> Task :composeApp:generateResourceAccessorsForIosArm64Main SKIPPED
> Task :composeApp:convertXmlValueResourcesForNativeMain NO-SOURCE
> Task :composeApp:copyNonXmlValueResourcesForNativeMain NO-SOURCE
> Task :composeApp:prepareComposeResourcesTaskForNativeMain NO-SOURCE
> Task :composeApp:generateResourceAccessorsForNativeMain SKIPPED
> Task :composeApp:generateComposeResClass SKIPPED
> Task :composeApp:generateExpectResourceCollectorsForCommonMain SKIPPED
> Task :composeApp:prepareComposeResourcesTaskForIosMain NO-SOURCE
> Task :composeApp:generateResourceAccessorsForIosMain SKIPPED
> Task :composeApp:generateActualResourceCollectorsForIosArm64Main SKIPPED
> Task :composeApp:convertXmlValueResourcesForIosSimulatorArm64Main NO-SOURCE
> Task :composeApp:copyNonXmlValueResourcesForIosSimulatorArm64Main NO-SOURCE
> Task :composeApp:prepareComposeResourcesTaskForIosSimulatorArm64Main NO-SOURCE
> Task :composeApp:generateResourceAccessorsForIosSimulatorArm64Main SKIPPED
> Task :composeApp:generateActualResourceCollectorsForIosSimulatorArm64Main SKIPPED

> Task :common:compileKotlinIosArm64
Kotlin/Native bundle directory /Users/runner/.konan/kotlin-native-prebuilt-macos-aarch64-2.2.10 is not empty. Native bundle files will be overwritten.

> Task :common:compileKotlinIosSimulatorArm64
Downloading native dependencies (LLVM, sysroot etc). This is a one-time action performed only on the first run of the compiler.
Downloading dependency https://download.jetbrains.com/kotlin/native/resources/llvm/19-aarch64-macos/llvm-19-aarch64-macos-essentials-75.tar.gz to /Users/runner/.konan/dependencies/cache/llvm-19-aarch64-macos-essentials-75.tar.gz

> Task :common:compileKotlinIosX64
> Task :common:compileKotlinIosArm64 FROM-CACHE

> Task :common:compileKotlinIosSimulatorArm64
Done.
Extracting dependency: /Users/runner/.konan/dependencies/cache/llvm-19-aarch64-macos-essentials-75.tar.gz into /Users/runner/.konan/dependencies
Downloading dependency https://download.jetbrains.com/kotlin/native/libffi-3.3-1-macos-arm64.tar.gz to /Users/runner/.konan/dependencies/cache/libffi-3.3-1-macos-arm64.tar.gz
Done.
Extracting dependency: /Users/runner/.konan/dependencies/cache/libffi-3.3-1-macos-arm64.tar.gz into /Users/runner/.konan/dependencies

> Task :common:compileKotlinIosSimulatorArm64 FROM-CACHE
> Task :common:compileKotlinIosX64 FROM-CACHE
> Task :composeApp:convertXmlValueResourcesForIosX64Main NO-SOURCE
> Task :composeApp:copyNonXmlValueResourcesForIosX64Main NO-SOURCE
> Task :composeApp:prepareComposeResourcesTaskForIosX64Main NO-SOURCE
> Task :composeApp:generateResourceAccessorsForIosX64Main SKIPPED
> Task :composeApp:generateActualResourceCollectorsForIosX64Main SKIPPED
> Task :composeApp:compileKotlinIosArm64
> Task :composeApp:compileKotlinIosSimulatorArm64
> Task :composeApp:compileKotlinIosX64
gradle/actions: Writing build results to /Users/runner/work/_temp/.gradle-actions/build-results/__run_4-1788699388075.json

BUILD SUCCESSFUL in 1m 28s
6 actionable tasks: 3 executed, 3 from cache
Configuration cache entry stored.
Calculating task graph as no cached configuration is available for tasks: :composeApp:linkDebugFrameworkIosSimulatorArm64 :composeApp:linkDebugFrameworkIosArm64
> Task :common:checkKotlinGradlePluginConfigurationErrors SKIPPED
> Task :composeApp:convertXmlValueResourcesForAppleMain NO-SOURCE
> Task :composeApp:copyNonXmlValueResourcesForAppleMain NO-SOURCE
> Task :composeApp:checkKotlinGradlePluginConfigurationErrors SKIPPED
> Task :composeApp:prepareComposeResourcesTaskForAppleMain NO-SOURCE
> Task :composeApp:generateResourceAccessorsForAppleMain SKIPPED
> Task :composeApp:convertXmlValueResourcesForCommonMain NO-SOURCE
> Task :composeApp:convertXmlValueResourcesForIosMain NO-SOURCE
> Task :composeApp:copyNonXmlValueResourcesForCommonMain NO-SOURCE
> Task :composeApp:copyNonXmlValueResourcesForIosMain NO-SOURCE
> Task :composeApp:prepareComposeResourcesTaskForCommonMain NO-SOURCE
> Task :composeApp:generateResourceAccessorsForCommonMain SKIPPED
> Task :composeApp:convertXmlValueResourcesForIosSimulatorArm64Main NO-SOURCE
> Task :composeApp:prepareComposeResourcesTaskForIosMain NO-SOURCE
> Task :composeApp:generateResourceAccessorsForIosMain SKIPPED
> Task :composeApp:convertXmlValueResourcesForNativeMain NO-SOURCE
> Task :composeApp:copyNonXmlValueResourcesForIosSimulatorArm64Main NO-SOURCE
> Task :composeApp:copyNonXmlValueResourcesForNativeMain NO-SOURCE
> Task :composeApp:prepareComposeResourcesTaskForIosSimulatorArm64Main NO-SOURCE
> Task :composeApp:generateResourceAccessorsForIosSimulatorArm64Main SKIPPED
> Task :composeApp:generateComposeResClass SKIPPED
> Task :composeApp:generateExpectResourceCollectorsForCommonMain SKIPPED
> Task :composeApp:prepareComposeResourcesTaskForNativeMain NO-SOURCE
> Task :composeApp:generateResourceAccessorsForNativeMain SKIPPED
> Task :composeApp:generateActualResourceCollectorsForIosSimulatorArm64Main SKIPPED
> Task :composeApp:convertXmlValueResourcesForIosArm64Main NO-SOURCE
> Task :composeApp:copyNonXmlValueResourcesForIosArm64Main NO-SOURCE
> Task :composeApp:prepareComposeResourcesTaskForIosArm64Main NO-SOURCE
> Task :composeApp:generateResourceAccessorsForIosArm64Main SKIPPED
> Task :composeApp:generateActualResourceCollectorsForIosArm64Main SKIPPED
> Task :common:compileKotlinIosSimulatorArm64 UP-TO-DATE
> Task :common:compileKotlinIosArm64 UP-TO-DATE
> Task :composeApp:compileKotlinIosArm64 UP-TO-DATE
> Task :composeApp:compileKotlinIosSimulatorArm64 UP-TO-DATE
> Task :composeApp:linkDebugFrameworkIosArm64
> Task :composeApp:linkDebugFrameworkIosSimulatorArm64
w: The number of threads 4 is more than the number of processors 3
i: <org.jetbrains.compose.material3:material3> @ /opt/buildAgent/work/42d4a48e2f801fd0/compose/material3/material3/src/skikoMain/kotlin/androidx/compose/material3/internal/KotlinxDatetimeCalendarModel.kt:161:1: Function 'toCalendarDate' uses unlinked class symbol 'kotlinx.datetime/Instant|null[0]'
i: <org.jetbrains.compose.material3:material3> @ /opt/buildAgent/work/42d4a48e2f801fd0/compose/material3/material3/src/skikoMain/kotlin/androidx/compose/material3/internal/KotlinxDatetimeCalendarModel.kt:131:5: Function 'toCalendarMonth' uses unlinked class symbol 'kotlinx.datetime/Instant|null[0]'
i: <org.jetbrains.compose.material3:material3> @ /opt/buildAgent/work/42d4a48e2f801fd0/compose/material3/material3/src/skikoMain/kotlin/androidx/compose/material3/internal/KotlinxDatetimeCalendarModel.kt:40:29: Can not get instance of singleton 'System': No class found for symbol 'kotlinx.datetime/Clock.System|null[0]'
i: <org.jetbrains.compose.material3:material3> @ /opt/buildAgent/work/42d4a48e2f801fd0/compose/material3/material3/src/skikoMain/kotlin/androidx/compose/material3/internal/KotlinxDatetimeCalendarModel.kt:40:42: Function 'now' can not be called: No function found for symbol 'kotlinx.datetime/Clock.System.now|now(){}[0]'
i: <org.jetbrains.compose.material3:material3> @ /opt/buildAgent/work/42d4a48e2f801fd0/compose/material3/material3/src/skikoMain/kotlin/androidx/compose/material3/internal/KotlinxDatetimeCalendarModel.kt:40:48: Function 'toLocalDateTime' can not be called: No function found for symbol 'kotlinx.datetime/toLocalDateTime|toLocalDateTime@kotlinx.datetime.Instant(kotlinx.datetime.TimeZone){}[0]'
i: <org.jetbrains.compose.material3:material3> @ /opt/buildAgent/work/42d4a48e2f801fd0/compose/material3/material3/src/skikoMain/kotlin/androidx/compose/material3/internal/KotlinxDatetimeCalendarModel.kt:47:22: Function 'toInstant' can not be called: No function found for symbol 'kotlinx.datetime/toInstant|toInstant@kotlinx.datetime.LocalDateTime(kotlinx.datetime.TimeZone){}[0]'
i: <org.jetbrains.compose.material3:material3> @ /opt/buildAgent/work/42d4a48e2f801fd0/compose/material3/material3/src/skikoMain/kotlin/androidx/compose/material3/internal/KotlinxDatetimeCalendarModel.kt:48:22: Function 'toEpochMilliseconds' can not be called: No function found for symbol 'kotlinx.datetime/Instant.toEpochMilliseconds|toEpochMilliseconds(){}[0]'
i: <org.jetbrains.compose.material3:material3> @ /opt/buildAgent/work/42d4a48e2f801fd0/compose/material3/material3/src/skikoMain/kotlin/androidx/compose/material3/internal/KotlinxDatetimeCalendarModel.kt:67:16: Can not get instance of singleton 'Companion': No class found for symbol 'kotlinx.datetime/Instant.Companion|null[0]'
i: <org.jetbrains.compose.material3:material3> @ /opt/buildAgent/work/42d4a48e2f801fd0/compose/material3/material3/src/skikoMain/kotlin/androidx/compose/material3/internal/KotlinxDatetimeCalendarModel.kt:68:14: Function 'fromEpochMilliseconds' can not be called: No function found for symbol 'kotlinx.datetime/Instant.Companion.fromEpochMilliseconds|fromEpochMilliseconds(kotlin.Long){}[0]'
i: <org.jetbrains.compose.material3:material3> @ /opt/buildAgent/work/42d4a48e2f801fd0/compose/material3/material3/src/skikoMain/kotlin/androidx/compose/material3/internal/KotlinxDatetimeCalendarModel.kt:69:14: Function 'toLocalDateTime' can not be called: No function found for symbol 'kotlinx.datetime/toLocalDateTime|toLocalDateTime@kotlinx.datetime.Instant(kotlinx.datetime.TimeZone){}[0]'
i: <org.jetbrains.compose.material3:material3> @ /opt/buildAgent/work/42d4a48e2f801fd0/compose/material3/material3/src/skikoMain/kotlin/androidx/compose/material3/internal/KotlinxDatetimeCalendarModel.kt:71:14: Function 'atStartOfDayIn' can not be called: No function found for symbol 'kotlinx.datetime/atStartOfDayIn|atStartOfDayIn@kotlinx.datetime.LocalDate(kotlinx.datetime.TimeZone){}[0]'
i: <org.jetbrains.compose.material3:material3> @ /opt/buildAgent/work/42d4a48e2f801fd0/compose/material3/material3/src/skikoMain/kotlin/androidx/compose/material3/internal/KotlinxDatetimeCalendarModel.kt:72:14: Function 'toCalendarDate' can not be called: Function uses unlinked class symbol 'kotlinx.datetime/Instant|null[0]'
i: <org.jetbrains.compose.material3:material3> @ /opt/buildAgent/work/42d4a48e2f801fd0/compose/material3/material3/src/skikoMain/kotlin/androidx/compose/material3/internal/KotlinxDatetimeCalendarModel.kt:76:16: Can not get instance of singleton 'Companion': No class found for symbol 'kotlinx.datetime/Instant.Companion|null[0]'
i: <org.jetbrains.compose.material3:material3> @ /opt/buildAgent/work/42d4a48e2f801fd0/compose/material3/material3/src/skikoMain/kotlin/androidx/compose/material3/internal/KotlinxDatetimeCalendarModel.kt:77:14: Function 'fromEpochMilliseconds' can not be called: No function found for symbol 'kotlinx.datetime/Instant.Companion.fromEpochMilliseconds|fromEpochMilliseconds(kotlin.Long){}[0]'
i: <org.jetbrains.compose.material3:material3> @ /opt/buildAgent/work/42d4a48e2f801fd0/compose/material3/material3/src/skikoMain/kotlin/androidx/compose/material3/internal/KotlinxDatetimeCalendarModel.kt:78:14: Function 'toCalendarMonth' can not be called: Function uses unlinked class symbol 'kotlinx.datetime/Instant|null[0]'
i: <org.jetbrains.compose.material3:material3> @ /opt/buildAgent/work/42d4a48e2f801fd0/compose/material3/material3/src/skikoMain/kotlin/androidx/compose/material3/internal/KotlinxDatetimeCalendarModel.kt:93:25: Can not read value from variable 'instant': Variable uses unlinked class symbol 'kotlinx.datetime/Instant|null[0]'
i: <org.jetbrains.compose.material3:material3> @ /opt/buildAgent/work/42d4a48e2f801fd0/compose/material3/material3/src/skikoMain/kotlin/androidx/compose/material3/internal/KotlinxDatetimeCalendarModel.kt:93:33: Function 'toEpochMilliseconds' can not be called: No function found for symbol 'kotlinx.datetime/Instant.toEpochMilliseconds|toEpochMilliseconds(){}[0]'
i: <org.jetbrains.compose.material3:material3> @ /opt/buildAgent/work/42d4a48e2f801fd0/compose/material3/material3/src/skikoMain/kotlin/androidx/compose/material3/internal/KotlinxDatetimeCalendarModel.kt:105:16: Can not get instance of singleton 'Companion': No class found for symbol 'kotlinx.datetime/Instant.Companion|null[0]'
i: <org.jetbrains.compose.material3:material3> @ /opt/buildAgent/work/42d4a48e2f801fd0/compose/material3/material3/src/skikoMain/kotlin/androidx/compose/material3/internal/KotlinxDatetimeCalendarModel.kt:106:14: Function 'fromEpochMilliseconds' can not be called: No function found for symbol 'kotlinx.datetime/Instant.Companion.fromEpochMilliseconds|fromEpochMilliseconds(kotlin.Long){}[0]'
i: <org.jetbrains.compose.material3:material3> @ /opt/buildAgent/work/42d4a48e2f801fd0/compose/material3/material3/src/skikoMain/kotlin/androidx/compose/material3/internal/KotlinxDatetimeCalendarModel.kt:107:14: Function 'toLocalDateTime' can not be called: No function found for symbol 'kotlinx.datetime/toLocalDateTime|toLocalDateTime@kotlinx.datetime.Instant(kotlinx.datetime.TimeZone){}[0]'
i: <org.jetbrains.compose.material3:material3> @ /opt/buildAgent/work/42d4a48e2f801fd0/compose/material3/material3/src/skikoMain/kotlin/androidx/compose/material3/internal/KotlinxDatetimeCalendarModel.kt:111:14: Function 'toInstant' can not be called: No function found for symbol 'kotlinx.datetime/toInstant|toInstant@kotlinx.datetime.LocalDateTime(kotlinx.datetime.TimeZone){}[0]'
i: <org.jetbrains.compose.material3:material3> @ /opt/buildAgent/work/42d4a48e2f801fd0/compose/material3/material3/src/skikoMain/kotlin/androidx/compose/material3/internal/KotlinxDatetimeCalendarModel.kt:112:14: Function 'toCalendarMonth' can not be called: Function uses unlinked class symbol 'kotlinx.datetime/Instant|null[0]'
i: <org.jetbrains.compose.material3:material3> @ /opt/buildAgent/work/42d4a48e2f801fd0/compose/material3/material3/src/darwinMain/kotlin/androidx/compose/material3/internal/PlatformDateFormat.darwin.kt:73:16: Can not get instance of singleton 'Companion': No class found for symbol 'kotlinx.datetime/Instant.Companion|null[0]'
i: <org.jetbrains.compose.material3:material3> @ /opt/buildAgent/work/42d4a48e2f801fd0/compose/material3/material3/src/darwinMain/kotlin/androidx/compose/material3/internal/PlatformDateFormat.darwin.kt:74:14: Function 'fromEpochMilliseconds' can not be called: No function found for symbol 'kotlinx.datetime/Instant.Companion.fromEpochMilliseconds|fromEpochMilliseconds(kotlin.Long){}[0]'
i: <org.jetbrains.compose.material3:material3> @ /opt/buildAgent/work/42d4a48e2f801fd0/compose/material3/material3/src/darwinMain/kotlin/androidx/compose/material3/internal/PlatformDateFormat.darwin.kt:75:14: Function 'toCalendarDate' can not be called: Function uses unlinked class symbol 'kotlinx.datetime/Instant|null[0]'
i: <missing declarations>: No class found for symbol 'kotlinx.datetime/Instant|null[0]'
i: <missing declarations>: No class found for symbol 'kotlinx.datetime/Instant.Companion|null[0]'
i: <missing declarations>: No class found for symbol 'kotlinx.datetime/Clock.System|null[0]'
i: <missing declarations>: No function found for symbol 'kotlinx.datetime/Instant.Companion.fromEpochMilliseconds|fromEpochMilliseconds(kotlin.Long){}[0]'
i: <missing declarations>: No function found for symbol 'kotlinx.datetime/toLocalDateTime|toLocalDateTime@kotlinx.datetime.Instant(kotlinx.datetime.TimeZone){}[0]'
i: <missing declarations>: No function found for symbol 'kotlinx.datetime/Clock.System.now|now(){}[0]'
i: <missing declarations>: No function found for symbol 'kotlinx.datetime/Instant.toEpochMilliseconds|toEpochMilliseconds(){}[0]'
i: <missing declarations>: No function found for symbol 'kotlinx.datetime/toInstant|toInstant@kotlinx.datetime.LocalDateTime(kotlinx.datetime.TimeZone){}[0]'
i: <missing declarations>: No function found for symbol 'kotlinx.datetime/atStartOfDayIn|atStartOfDayIn@kotlinx.datetime.LocalDate(kotlinx.datetime.TimeZone){}[0]'

> Task :composeApp:linkDebugFrameworkIosArm64
w: The number of threads 4 is more than the number of processors 3
i: <org.jetbrains.compose.material3:material3> @ /opt/buildAgent/work/42d4a48e2f801fd0/compose/material3/material3/src/skikoMain/kotlin/androidx/compose/material3/internal/KotlinxDatetimeCalendarModel.kt:131:5: Function 'toCalendarMonth' uses unlinked class symbol 'kotlinx.datetime/Instant|null[0]'
i: <org.jetbrains.compose.material3:material3> @ /opt/buildAgent/work/42d4a48e2f801fd0/compose/material3/material3/src/skikoMain/kotlin/androidx/compose/material3/internal/KotlinxDatetimeCalendarModel.kt:40:29: Can not get instance of singleton 'System': No class found for symbol 'kotlinx.datetime/Clock.System|null[0]'
i: <org.jetbrains.compose.material3:material3> @ /opt/buildAgent/work/42d4a48e2f801fd0/compose/material3/material3/src/skikoMain/kotlin/androidx/compose/material3/internal/KotlinxDatetimeCalendarModel.kt:40:42: Function 'now' can not be called: No function found for symbol 'kotlinx.datetime/Clock.System.now|now(){}[0]'
i: <org.jetbrains.compose.material3:material3> @ /opt/buildAgent/work/42d4a48e2f801fd0/compose/material3/material3/src/skikoMain/kotlin/androidx/compose/material3/internal/KotlinxDatetimeCalendarModel.kt:40:48: Function 'toLocalDateTime' can not be called: No function found for symbol 'kotlinx.datetime/toLocalDateTime|toLocalDateTime@kotlinx.datetime.Instant(kotlinx.datetime.TimeZone){}[0]'
i: <org.jetbrains.compose.material3:material3> @ /opt/buildAgent/work/42d4a48e2f801fd0/compose/material3/material3/src/skikoMain/kotlin/androidx/compose/material3/internal/KotlinxDatetimeCalendarModel.kt:47:22: Function 'toInstant' can not be called: No function found for symbol 'kotlinx.datetime/toInstant|toInstant@kotlinx.datetime.LocalDateTime(kotlinx.datetime.TimeZone){}[0]'
i: <org.jetbrains.compose.material3:material3> @ /opt/buildAgent/work/42d4a48e2f801fd0/compose/material3/material3/src/skikoMain/kotlin/androidx/compose/material3/internal/KotlinxDatetimeCalendarModel.kt:48:22: Function 'toEpochMilliseconds' can not be called: No function found for symbol 'kotlinx.datetime/Instant.toEpochMilliseconds|toEpochMilliseconds(){}[0]'
i: <org.jetbrains.compose.material3:material3> @ /opt/buildAgent/work/42d4a48e2f801fd0/compose/material3/material3/src/skikoMain/kotlin/androidx/compose/material3/internal/KotlinxDatetimeCalendarModel.kt:67:16: Can not get instance of singleton 'Companion': No class found for symbol 'kotlinx.datetime/Instant.Companion|null[0]'
i: <org.jetbrains.compose.material3:material3> @ /opt/buildAgent/work/42d4a48e2f801fd0/compose/material3/material3/src/skikoMain/kotlin/androidx/compose/material3/internal/KotlinxDatetimeCalendarModel.kt:68:14: Function 'fromEpochMilliseconds' can not be called: No function found for symbol 'kotlinx.datetime/Instant.Companion.fromEpochMilliseconds|fromEpochMilliseconds(kotlin.Long){}[0]'
i: <org.jetbrains.compose.material3:material3> @ /opt/buildAgent/work/42d4a48e2f801fd0/compose/material3/material3/src/skikoMain/kotlin/androidx/compose/material3/internal/KotlinxDatetimeCalendarModel.kt:69:14: Function 'toLocalDateTime' can not be called: No function found for symbol 'kotlinx.datetime/toLocalDateTime|toLocalDateTime@kotlinx.datetime.Instant(kotlinx.datetime.TimeZone){}[0]'
i: <org.jetbrains.compose.material3:material3> @ /opt/buildAgent/work/42d4a48e2f801fd0/compose/material3/material3/src/skikoMain/kotlin/androidx/compose/material3/internal/KotlinxDatetimeCalendarModel.kt:71:14: Function 'atStartOfDayIn' can not be called: No function found for symbol 'kotlinx.datetime/atStartOfDayIn|atStartOfDayIn@kotlinx.datetime.LocalDate(kotlinx.datetime.TimeZone){}[0]'
i: <org.jetbrains.compose.material3:material3> @ /opt/buildAgent/work/42d4a48e2f801fd0/compose/material3/material3/src/skikoMain/kotlin/androidx/compose/material3/internal/KotlinxDatetimeCalendarModel.kt:72:14: Function 'toCalendarDate' can not be called: Function uses unlinked class symbol 'kotlinx.datetime/Instant|null[0]'
i: <org.jetbrains.compose.material3:material3> @ /opt/buildAgent/work/42d4a48e2f801fd0/compose/material3/material3/src/skikoMain/kotlin/androidx/compose/material3/internal/KotlinxDatetimeCalendarModel.kt:76:16: Can not get instance of singleton 'Companion': No class found for symbol 'kotlinx.datetime/Instant.Companion|null[0]'
i: <org.jetbrains.compose.material3:material3> @ /opt/buildAgent/work/42d4a48e2f801fd0/compose/material3/material3/src/skikoMain/kotlin/androidx/compose/material3/internal/KotlinxDatetimeCalendarModel.kt:77:14: Function 'fromEpochMilliseconds' can not be called: No function found for symbol 'kotlinx.datetime/Instant.Companion.fromEpochMilliseconds|fromEpochMilliseconds(kotlin.Long){}[0]'
i: <org.jetbrains.compose.material3:material3> @ /opt/buildAgent/work/42d4a48e2f801fd0/compose/material3/material3/src/skikoMain/kotlin/androidx/compose/material3/internal/KotlinxDatetimeCalendarModel.kt:78:14: Function 'toCalendarMonth' can not be called: Function uses unlinked class symbol 'kotlinx.datetime/Instant|null[0]'
i: <org.jetbrains.compose.material3:material3> @ /opt/buildAgent/work/42d4a48e2f801fd0/compose/material3/material3/src/skikoMain/kotlin/androidx/compose/material3/internal/KotlinxDatetimeCalendarModel.kt:93:25: Can not read value from variable 'instant': Variable uses unlinked class symbol 'kotlinx.datetime/Instant|null[0]'
i: <org.jetbrains.compose.material3:material3> @ /opt/buildAgent/work/42d4a48e2f801fd0/compose/material3/material3/src/skikoMain/kotlin/androidx/compose/material3/internal/KotlinxDatetimeCalendarModel.kt:93:33: Function 'toEpochMilliseconds' can not be called: No function found for symbol 'kotlinx.datetime/Instant.toEpochMilliseconds|toEpochMilliseconds(){}[0]'
i: <org.jetbrains.compose.material3:material3> @ /opt/buildAgent/work/42d4a48e2f801fd0/compose/material3/material3/src/skikoMain/kotlin/androidx/compose/material3/internal/KotlinxDatetimeCalendarModel.kt:105:16: Can not get instance of singleton 'Companion': No class found for symbol 'kotlinx.datetime/Instant.Companion|null[0]'
i: <org.jetbrains.compose.material3:material3> @ /opt/buildAgent/work/42d4a48e2f801fd0/compose/material3/material3/src/skikoMain/kotlin/androidx/compose/material3/internal/KotlinxDatetimeCalendarModel.kt:106:14: Function 'fromEpochMilliseconds' can not be called: No function found for symbol 'kotlinx.datetime/Instant.Companion.fromEpochMilliseconds|fromEpochMilliseconds(kotlin.Long){}[0]'
i: <org.jetbrains.compose.material3:material3> @ /opt/buildAgent/work/42d4a48e2f801fd0/compose/material3/material3/src/skikoMain/kotlin/androidx/compose/material3/internal/KotlinxDatetimeCalendarModel.kt:107:14: Function 'toLocalDateTime' can not be called: No function found for symbol 'kotlinx.datetime/toLocalDateTime|toLocalDateTime@kotlinx.datetime.Instant(kotlinx.datetime.TimeZone){}[0]'
i: <org.jetbrains.compose.material3:material3> @ /opt/buildAgent/work/42d4a48e2f801fd0/compose/material3/material3/src/skikoMain/kotlin/androidx/compose/material3/internal/KotlinxDatetimeCalendarModel.kt:111:14: Function 'toInstant' can not be called: No function found for symbol 'kotlinx.datetime/toInstant|toInstant@kotlinx.datetime.LocalDateTime(kotlinx.datetime.TimeZone){}[0]'
i: <org.jetbrains.compose.material3:material3> @ /opt/buildAgent/work/42d4a48e2f801fd0/compose/material3/material3/src/skikoMain/kotlin/androidx/compose/material3/internal/KotlinxDatetimeCalendarModel.kt:112:14: Function 'toCalendarMonth' can not be called: Function uses unlinked class symbol 'kotlinx.datetime/Instant|null[0]'
i: <org.jetbrains.compose.material3:material3> @ /opt/buildAgent/work/42d4a48e2f801fd0/compose/material3/material3/src/skikoMain/kotlin/androidx/compose/material3/internal/KotlinxDatetimeCalendarModel.kt:161:1: Function 'toCalendarDate' uses unlinked class symbol 'kotlinx.datetime/Instant|null[0]'
i: <org.jetbrains.compose.material3:material3> @ /opt/buildAgent/work/42d4a48e2f801fd0/compose/material3/material3/src/darwinMain/kotlin/androidx/compose/material3/internal/PlatformDateFormat.darwin.kt:73:16: Can not get instance of singleton 'Companion': No class found for symbol 'kotlinx.datetime/Instant.Companion|null[0]'
i: <org.jetbrains.compose.material3:material3> @ /opt/buildAgent/work/42d4a48e2f801fd0/compose/material3/material3/src/darwinMain/kotlin/androidx/compose/material3/internal/PlatformDateFormat.darwin.kt:74:14: Function 'fromEpochMilliseconds' can not be called: No function found for symbol 'kotlinx.datetime/Instant.Companion.fromEpochMilliseconds|fromEpochMilliseconds(kotlin.Long){}[0]'
i: <org.jetbrains.compose.material3:material3> @ /opt/buildAgent/work/42d4a48e2f801fd0/compose/material3/material3/src/darwinMain/kotlin/androidx/compose/material3/internal/PlatformDateFormat.darwin.kt:75:14: Function 'toCalendarDate' can not be called: Function uses unlinked class symbol 'kotlinx.datetime/Instant|null[0]'
i: <missing declarations>: No class found for symbol 'kotlinx.datetime/Instant|null[0]'
i: <missing declarations>: No class found for symbol 'kotlinx.datetime/Instant.Companion|null[0]'
i: <missing declarations>: No class found for symbol 'kotlinx.datetime/Clock.System|null[0]'
i: <missing declarations>: No function found for symbol 'kotlinx.datetime/Instant.Companion.fromEpochMilliseconds|fromEpochMilliseconds(kotlin.Long){}[0]'
i: <missing declarations>: No function found for symbol 'kotlinx.datetime/toLocalDateTime|toLocalDateTime@kotlinx.datetime.Instant(kotlinx.datetime.TimeZone){}[0]'
i: <missing declarations>: No function found for symbol 'kotlinx.datetime/Clock.System.now|now(){}[0]'
i: <missing declarations>: No function found for symbol 'kotlinx.datetime/Instant.toEpochMilliseconds|toEpochMilliseconds(){}[0]'
i: <missing declarations>: No function found for symbol 'kotlinx.datetime/toInstant|toInstant@kotlinx.datetime.LocalDateTime(kotlinx.datetime.TimeZone){}[0]'
i: <missing declarations>: No function found for symbol 'kotlinx.datetime/atStartOfDayIn|atStartOfDayIn@kotlinx.datetime.LocalDate(kotlinx.datetime.TimeZone){}[0]'
gradle/actions: Writing build results to /Users/runner/work/_temp/.gradle-actions/build-results/__run_5-1788699475072.json

BUILD SUCCESSFUL in 15m 52s
6 actionable tasks: 2 executed, 4 up-to-date
Configuration cache entry stored.
Calculating task graph as no cached configuration is available for tasks: :composeApp:iosSimulatorArm64Test
> Task :common:checkKotlinGradlePluginConfigurationErrors SKIPPED
> Task :composeApp:convertXmlValueResourcesForAppleMain NO-SOURCE
> Task :composeApp:checkKotlinGradlePluginConfigurationErrors SKIPPED
> Task :composeApp:convertXmlValueResourcesForCommonMain NO-SOURCE
> Task :composeApp:copyNonXmlValueResourcesForAppleMain NO-SOURCE
> Task :composeApp:copyNonXmlValueResourcesForCommonMain NO-SOURCE
> Task :composeApp:prepareComposeResourcesTaskForAppleMain NO-SOURCE
> Task :composeApp:generateResourceAccessorsForAppleMain SKIPPED
> Task :composeApp:convertXmlValueResourcesForIosMain NO-SOURCE
> Task :composeApp:prepareComposeResourcesTaskForCommonMain NO-SOURCE
> Task :composeApp:generateResourceAccessorsForCommonMain SKIPPED
> Task :composeApp:copyNonXmlValueResourcesForIosMain NO-SOURCE
> Task :composeApp:prepareComposeResourcesTaskForIosMain NO-SOURCE
> Task :composeApp:generateResourceAccessorsForIosMain SKIPPED
> Task :composeApp:convertXmlValueResourcesForIosSimulatorArm64Main NO-SOURCE
> Task :composeApp:copyNonXmlValueResourcesForIosSimulatorArm64Main NO-SOURCE
> Task :composeApp:convertXmlValueResourcesForNativeMain NO-SOURCE
> Task :composeApp:prepareComposeResourcesTaskForIosSimulatorArm64Main NO-SOURCE
> Task :composeApp:copyNonXmlValueResourcesForNativeMain NO-SOURCE
> Task :composeApp:generateResourceAccessorsForIosSimulatorArm64Main SKIPPED
> Task :composeApp:generateComposeResClass SKIPPED
> Task :composeApp:generateExpectResourceCollectorsForCommonMain SKIPPED
> Task :composeApp:prepareComposeResourcesTaskForNativeMain NO-SOURCE
> Task :composeApp:generateResourceAccessorsForNativeMain SKIPPED
> Task :composeApp:convertXmlValueResourcesForAppleTest NO-SOURCE
> Task :composeApp:generateActualResourceCollectorsForIosSimulatorArm64Main SKIPPED
> Task :composeApp:convertXmlValueResourcesForCommonTest NO-SOURCE
> Task :composeApp:copyNonXmlValueResourcesForAppleTest NO-SOURCE
> Task :composeApp:copyNonXmlValueResourcesForCommonTest NO-SOURCE
> Task :composeApp:prepareComposeResourcesTaskForAppleTest NO-SOURCE
> Task :composeApp:generateResourceAccessorsForAppleTest SKIPPED
> Task :composeApp:convertXmlValueResourcesForIosSimulatorArm64Test NO-SOURCE
> Task :composeApp:copyNonXmlValueResourcesForIosSimulatorArm64Test NO-SOURCE
> Task :composeApp:prepareComposeResourcesTaskForIosSimulatorArm64Test NO-SOURCE
> Task :composeApp:generateResourceAccessorsForIosSimulatorArm64Test SKIPPED
> Task :composeApp:convertXmlValueResourcesForIosTest NO-SOURCE
> Task :composeApp:prepareComposeResourcesTaskForCommonTest NO-SOURCE
> Task :composeApp:copyNonXmlValueResourcesForIosTest NO-SOURCE
> Task :composeApp:generateResourceAccessorsForCommonTest SKIPPED
> Task :composeApp:convertXmlValueResourcesForNativeTest NO-SOURCE
> Task :composeApp:prepareComposeResourcesTaskForIosTest NO-SOURCE
> Task :composeApp:generateResourceAccessorsForIosTest SKIPPED
> Task :composeApp:copyNonXmlValueResourcesForNativeTest NO-SOURCE
> Task :composeApp:prepareComposeResourcesTaskForNativeTest NO-SOURCE
> Task :composeApp:generateResourceAccessorsForNativeTest SKIPPED
> Task :composeApp:iosSimulatorArm64ResolveResourcesFromDependencies
> Task :composeApp:assembleIosSimulatorArm64MainResources
> Task :composeApp:assembleIosSimulatorArm64TestResources
> Task :composeApp:iosSimulatorArm64ResolveSelfResourcesCopyHierarchicalMultiplatformResources
> Task :composeApp:iosSimulatorArm64AggregateResources
> Task :composeApp:iosSimulatorArm64ProcessResources
> Task :composeApp:copyTestComposeResourcesForIosSimulatorArm64
> Task :common:compileKotlinIosSimulatorArm64 UP-TO-DATE
> Task :composeApp:compileKotlinIosSimulatorArm64 UP-TO-DATE
> Task :composeApp:iosSimulatorArm64MainKlibrary
> Task :composeApp:compileTestKotlinIosSimulatorArm64

> Task :composeApp:linkDebugTestIosSimulatorArm64
w: The number of threads 4 is more than the number of processors 3

dev.brahmkshatriya.echo.player.RetryPolicyTest.single attempt policy never retries[iosSimulatorArm64] FAILED
    kotlin.AssertionError at /opt/buildAgent/work/2d153abd4d2c0600/kotlin/kotlin-native/runtime/src/main/kotlin/kotlin/Exceptions.kt:14

dev.brahmkshatriya.echo.player.PlaybackStallTrackerTest.stall fires once the buffering timeout elapses without progress[iosSimulatorArm64] FAILED
    kotlin.AssertionError at /opt/buildAgent/work/2d153abd4d2c0600/kotlin/kotlin-native/runtime/src/main/kotlin/kotlin/Exceptions.kt:14

dev.brahmkshatriya.echo.player.PlaybackStallTrackerTest.stall fires at most once per full window[iosSimulatorArm64] FAILED
    kotlin.AssertionError at /opt/buildAgent/work/2d153abd4d2c0600/kotlin/kotlin-native/runtime/src/main/kotlin/kotlin/Exceptions.kt:14

dev.brahmkshatriya.echo.player.PlaybackStallTrackerTest.track change resets accounting[iosSimulatorArm64] FAILED
    kotlin.AssertionError at /opt/buildAgent/work/2d153abd4d2c0600/kotlin/kotlin-native/runtime/src/main/kotlin/kotlin/Exceptions.kt:14

dev.brahmkshatriya.echo.player.PlaybackStallTrackerTest.small default construction is allowed[iosSimulatorArm64] FAILED
    kotlin.AssertionError at /opt/buildAgent/work/2d153abd4d2c0600/kotlin/kotlin-native/runtime/src/main/kotlin/kotlin/Exceptions.kt:14

> Task :composeApp:iosSimulatorArm64Test

59 tests completed, 5 failed

> Task :composeApp:iosSimulatorArm64Test FAILED
gradle/actions: Writing build results to /Users/runner/work/_temp/.gradle-actions/build-results/__run_6-1788700429178.json

FAILURE: Build failed with an exception.

* What went wrong:
Execution failed for task ':composeApp:iosSimulatorArm64Test'.
> There were failing tests. See the report at: file:///Users/runner/work/echo-nightly/echo-nightly/composeApp/build/reports/tests/iosSimulatorArm64Test/index.html

* Try:
> Run with --scan to generate a Build Scan (Powered by Develocity).

* Exception is:
org.gradle.api.tasks.TaskExecutionException: Execution failed for task ':composeApp:iosSimulatorArm64Test'.
	at org.gradle.api.internal.tasks.execution.ExecuteActionsTaskExecuter.lambda$executeIfValid$1(ExecuteActionsTaskExecuter.java:135)
	at org.gradle.internal.Try$Failure.ifSuccessfulOrElse(Try.java:288)
	at org.gradle.api.internal.tasks.execution.ExecuteActionsTaskExecuter.executeIfValid(ExecuteActionsTaskExecuter.java:133)
	at org.gradle.api.internal.tasks.execution.ExecuteActionsTaskExecuter.execute(ExecuteActionsTaskExecuter.java:121)
	at org.gradle.api.internal.tasks.execution.ProblemsTaskPathTrackingTaskExecuter.execute(ProblemsTaskPathTrackingTaskExecuter.java:41)
	at org.gradle.api.internal.tasks.execution.FinalizePropertiesTaskExecuter.execute(FinalizePropertiesTaskExecuter.java:46)
	at org.gradle.api.internal.tasks.execution.ResolveTaskExecutionModeExecuter.execute(ResolveTaskExecutionModeExecuter.java:51)
	at org.gradle.api.internal.tasks.execution.SkipTaskWithNoActionsExecuter.execute(SkipTaskWithNoActionsExecuter.java:57)
	at org.gradle.api.internal.tasks.execution.SkipOnlyIfTaskExecuter.execute(SkipOnlyIfTaskExecuter.java:74)
	at org.gradle.api.internal.tasks.execution.CatchExceptionTaskExecuter.execute(CatchExceptionTaskExecuter.java:36)
	at org.gradle.api.internal.tasks.execution.EventFiringTaskExecuter$1.executeTask(EventFiringTaskExecuter.java:77)
	at org.gradle.api.internal.tasks.execution.EventFiringTaskExecuter$1.call(EventFiringTaskExecuter.java:55)
	at org.gradle.api.internal.tasks.execution.EventFiringTaskExecuter$1.call(EventFiringTaskExecuter.java:52)
	at org.gradle.internal.operations.DefaultBuildOperationRunner$CallableBuildOperationWorker.execute(DefaultBuildOperationRunner.java:209)
	at org.gradle.internal.operations.DefaultBuildOperationRunner$CallableBuildOperationWorker.execute(DefaultBuildOperationRunner.java:204)
	at org.gradle.internal.operations.DefaultBuildOperationRunner$2.execute(DefaultBuildOperationRunner.java:66)
	at org.gradle.internal.operations.DefaultBuildOperationRunner$2.execute(DefaultBuildOperationRunner.java:59)
	at org.gradle.internal.operations.DefaultBuildOperationRunner.execute(DefaultBuildOperationRunner.java:166)
	at org.gradle.internal.operations.DefaultBuildOperationRunner.execute(DefaultBuildOperationRunner.java:59)
	at org.gradle.internal.operations.DefaultBuildOperationRunner.call(DefaultBuildOperationRunner.java:53)
	at org.gradle.api.internal.tasks.execution.EventFiringTaskExecuter.execute(EventFiringTaskExecuter.java:52)
	at org.gradle.execution.plan.LocalTaskNodeExecutor.execute(LocalTaskNodeExecutor.java:45)
	at org.gradle.execution.taskgraph.DefaultTaskExecutionGraph$InvokeNodeExecutorsAction.execute(DefaultTaskExecutionGraph.java:347)
	at org.gradle.execution.taskgraph.DefaultTaskExecutionGraph$InvokeNodeExecutorsAction.execute(DefaultTaskExecutionGraph.java:334)
	at org.gradle.execution.taskgraph.DefaultTaskExecutionGraph$BuildOperationAwareExecutionAction.lambda$execute$0(DefaultTaskExecutionGraph.java:330)
	at org.gradle.internal.operations.CurrentBuildOperationRef.with(CurrentBuildOperationRef.java:84)
	at org.gradle.execution.taskgraph.DefaultTaskExecutionGraph$BuildOperationAwareExecutionAction.execute(DefaultTaskExecutionGraph.java:330)
	at org.gradle.execution.taskgraph.DefaultTaskExecutionGraph$BuildOperationAwareExecutionAction.execute(DefaultTaskExecutionGraph.java:319)
	at org.gradle.execution.plan.DefaultPlanExecutor$ExecutorWorker.execute(DefaultPlanExecutor.java:459)
	at org.gradle.execution.plan.DefaultPlanExecutor$ExecutorWorker.run(DefaultPlanExecutor.java:376)
	at org.gradle.execution.plan.DefaultPlanExecutor.process(DefaultPlanExecutor.java:111)
	at org.gradle.execution.taskgraph.DefaultTaskExecutionGraph.executeWithServices(DefaultTaskExecutionGraph.java:144)
	at org.gradle.execution.taskgraph.DefaultTaskExecutionGraph.execute(DefaultTaskExecutionGraph.java:129)
	at org.gradle.execution.SelectedTaskExecutionAction.execute(SelectedTaskExecutionAction.java:35)
	at org.gradle.execution.DryRunBuildExecutionAction.execute(DryRunBuildExecutionAction.java:51)
	at org.gradle.execution.BuildOperationFiringBuildWorkerExecutor$ExecuteTasks.call(BuildOperationFiringBuildWorkerExecutor.java:54)
	at org.gradle.execution.BuildOperationFiringBuildWorkerExecutor$ExecuteTasks.call(BuildOperationFiringBuildWorkerExecutor.java:43)
	at org.gradle.internal.operations.DefaultBuildOperationRunner$CallableBuildOperationWorker.execute(DefaultBuildOperationRunner.java:209)
	at org.gradle.internal.operations.DefaultBuildOperationRunner$CallableBuildOperationWorker.execute(DefaultBuildOperationRunner.java:204)
	at org.gradle.internal.operations.DefaultBuildOperationRunner$2.execute(DefaultBuildOperationRunner.java:66)
	at org.gradle.internal.operations.DefaultBuildOperationRunner$2.execute(DefaultBuildOperationRunner.java:59)
	at org.gradle.internal.operations.DefaultBuildOperationRunner.execute(DefaultBuildOperationRunner.java:166)
	at org.gradle.internal.operations.DefaultBuildOperationRunner.execute(DefaultBuildOperationRunner.java:59)
	at org.gradle.internal.operations.DefaultBuildOperationRunner.call(DefaultBuildOperationRunner.java:53)
	at org.gradle.execution.BuildOperationFiringBuildWorkerExecutor.execute(BuildOperationFiringBuildWorkerExecutor.java:40)
	at org.gradle.internal.build.DefaultBuildLifecycleController.lambda$executeTasks$10(DefaultBuildLifecycleController.java:313)
	at org.gradle.internal.model.StateTransitionController.doTransition(StateTransitionController.java:266)
	at org.gradle.internal.model.StateTransitionController.lambda$tryTransition$8(StateTransitionController.java:177)
	at org.gradle.internal.work.DefaultSynchronizer.withLock(DefaultSynchronizer.java:45)
	at org.gradle.internal.model.StateTransitionController.tryTransition(StateTransitionController.java:177)
	at org.gradle.internal.build.DefaultBuildLifecycleController.executeTasks(DefaultBuildLifecycleController.java:304)
	at org.gradle.internal.build.DefaultBuildWorkGraphController$DefaultBuildWorkGraph.runWork(DefaultBuildWorkGraphController.java:220)
	at org.gradle.internal.work.DefaultWorkerLeaseService.withLocks(DefaultWorkerLeaseService.java:263)
	at org.gradle.internal.work.DefaultWorkerLeaseService.runAsWorkerThread(DefaultWorkerLeaseService.java:127)
	at org.gradle.composite.internal.DefaultBuildController.doRun(DefaultBuildController.java:181)
	at org.gradle.composite.internal.DefaultBuildController.access$000(DefaultBuildController.java:50)
	at org.gradle.composite.internal.DefaultBuildController$BuildOpRunnable.lambda$run$0(DefaultBuildController.java:198)
	at org.gradle.internal.operations.CurrentBuildOperationRef.with(CurrentBuildOperationRef.java:84)
	at org.gradle.composite.internal.DefaultBuildController$BuildOpRunnable.run(DefaultBuildController.java:198)
	at org.gradle.internal.concurrent.ExecutorPolicy$CatchAndRecordFailures.onExecute(ExecutorPolicy.java:64)
	at org.gradle.internal.concurrent.AbstractManagedExecutor$1.run(AbstractManagedExecutor.java:47)
Caused by: org.gradle.api.internal.exceptions.MarkedVerificationException: There were failing tests. See the report at: file:///Users/runner/work/echo-nightly/echo-nightly/composeApp/build/reports/tests/iosSimulatorArm64Test/index.html
	at org.gradle.api.tasks.testing.AbstractTestTask.handleTestFailures(AbstractTestTask.java:703)
	at org.gradle.api.tasks.testing.AbstractTestTask.handleCollectedResults(AbstractTestTask.java:535)
	at org.gradle.api.tasks.testing.AbstractTestTask.executeTests(AbstractTestTask.java:527)
	at org.gradle.internal.reflect.JavaMethod.invoke(JavaMethod.java:125)
	at org.gradle.api.internal.project.taskfactory.StandardTaskAction.doExecute(StandardTaskAction.java:58)
	at org.gradle.api.internal.project.taskfactory.StandardTaskAction.execute(StandardTaskAction.java:51)
	at org.gradle.api.internal.project.taskfactory.StandardTaskAction.execute(StandardTaskAction.java:29)
	at org.gradle.api.internal.tasks.execution.TaskExecution$3.run(TaskExecution.java:252)
	at org.gradle.internal.operations.DefaultBuildOperationRunner$1.execute(DefaultBuildOperationRunner.java:29)
	at org.gradle.internal.operations.DefaultBuildOperationRunner$1.execute(DefaultBuildOperationRunner.java:26)
	at org.gradle.internal.operations.DefaultBuildOperationRunner$2.execute(DefaultBuildOperationRunner.java:66)
	at org.gradle.internal.operations.DefaultBuildOperationRunner$2.execute(DefaultBuildOperationRunner.java:59)
	at org.gradle.internal.operations.DefaultBuildOperationRunner.execute(DefaultBuildOperationRunner.java:166)
	at org.gradle.internal.operations.DefaultBuildOperationRunner.execute(DefaultBuildOperationRunner.java:59)
	at org.gradle.internal.operations.DefaultBuildOperationRunner.run(DefaultBuildOperationRunner.java:47)
	at org.gradle.api.internal.tasks.execution.TaskExecution.executeAction(TaskExecution.java:237)
	at org.gradle.api.internal.tasks.execution.TaskExecution.executeActions(TaskExecution.java:220)
	at org.gradle.api.internal.tasks.execution.TaskExecution.executeWithPreviousOutputFiles(TaskExecution.java:203)
	at org.gradle.api.internal.tasks.execution.TaskExecution.execute(TaskExecution.java:170)
	at org.gradle.internal.execution.steps.ExecuteStep.executeInternal(ExecuteStep.java:105)
	at org.gradle.internal.execution.steps.ExecuteStep.access$000(ExecuteStep.java:44)
	at org.gradle.internal.execution.steps.ExecuteStep$1.call(ExecuteStep.java:59)
	at org.gradle.internal.execution.steps.ExecuteStep$1.call(ExecuteStep.java:56)
	at org.gradle.internal.operations.DefaultBuildOperationRunner$CallableBuildOperationWorker.execute(DefaultBuildOperationRunner.java:209)
	at org.gradle.internal.operations.DefaultBuildOperationRunner$CallableBuildOperationWorker.execute(DefaultBuildOperationRunner.java:204)
	at org.gradle.internal.operations.DefaultBuildOperationRunner$2.execute(DefaultBuildOperationRunner.java:66)
	at org.gradle.internal.operations.DefaultBuildOperationRunner$2.execute(DefaultBuildOperationRunner.java:59)
	at org.gradle.internal.operations.DefaultBuildOperationRunner.execute(DefaultBuildOperationRunner.java:166)
	at org.gradle.internal.operations.DefaultBuildOperationRunner.execute(DefaultBuildOperationRunner.java:59)
	at org.gradle.internal.operations.DefaultBuildOperationRunner.call(DefaultBuildOperationRunner.java:53)
	at org.gradle.internal.execution.steps.ExecuteStep.execute(ExecuteStep.java:56)
	at org.gradle.internal.execution.steps.ExecuteStep.execute(ExecuteStep.java:44)
	at org.gradle.internal.execution.steps.CancelExecutionStep.execute(CancelExecutionStep.java:42)
	at org.gradle.internal.execution.steps.TimeoutStep.executeWithoutTimeout(TimeoutStep.java:75)
	at org.gradle.internal.execution.steps.TimeoutStep.execute(TimeoutStep.java:55)
	at org.gradle.internal.execution.steps.PreCreateOutputParentsStep.execute(PreCreateOutputParentsStep.java:50)
	at org.gradle.internal.execution.steps.PreCreateOutputParentsStep.execute(PreCreateOutputParentsStep.java:28)
	at org.gradle.internal.execution.steps.RemovePreviousOutputsStep.execute(RemovePreviousOutputsStep.java:68)
	at org.gradle.internal.execution.steps.RemovePreviousOutputsStep.execute(RemovePreviousOutputsStep.java:38)
	at org.gradle.internal.execution.steps.BroadcastChangingOutputsStep.execute(BroadcastChangingOutputsStep.java:61)
	at org.gradle.internal.execution.steps.BroadcastChangingOutputsStep.execute(BroadcastChangingOutputsStep.java:26)
	at org.gradle.internal.execution.steps.CaptureOutputsAfterExecutionStep.execute(CaptureOutputsAfterExecutionStep.java:69)
	at org.gradle.internal.execution.steps.CaptureOutputsAfterExecutionStep.execute(CaptureOutputsAfterExecutionStep.java:46)
	at org.gradle.internal.execution.steps.ResolveInputChangesStep.execute(ResolveInputChangesStep.java:39)
	at org.gradle.internal.execution.steps.ResolveInputChangesStep.execute(ResolveInputChangesStep.java:28)
	at org.gradle.internal.execution.steps.BuildCacheStep.executeWithoutCache(BuildCacheStep.java:189)
	at org.gradle.internal.execution.steps.BuildCacheStep.lambda$execute$1(BuildCacheStep.java:75)
	at org.gradle.internal.Either$Right.fold(Either.java:176)
	at org.gradle.internal.execution.caching.CachingState.fold(CachingState.java:62)
	at org.gradle.internal.execution.steps.BuildCacheStep.execute(BuildCacheStep.java:73)
	at org.gradle.internal.execution.steps.BuildCacheStep.execute(BuildCacheStep.java:48)
	at org.gradle.internal.execution.steps.StoreExecutionStateStep.execute(StoreExecutionStateStep.java:46)
	at org.gradle.internal.execution.steps.StoreExecutionStateStep.execute(StoreExecutionStateStep.java:35)
	at org.gradle.internal.execution.steps.SkipUpToDateStep.executeBecause(SkipUpToDateStep.java:75)
	at org.gradle.internal.execution.steps.SkipUpToDateStep.lambda$execute$2(SkipUpToDateStep.java:53)
	at org.gradle.internal.execution.steps.SkipUpToDateStep.execute(SkipUpToDateStep.java:53)
	at org.gradle.internal.execution.steps.SkipUpToDateStep.execute(SkipUpToDateStep.java:35)
	at org.gradle.internal.execution.steps.legacy.MarkSnapshottingInputsFinishedStep.execute(MarkSnapshottingInputsFinishedStep.java:37)
	at org.gradle.internal.execution.steps.legacy.MarkSnapshottingInputsFinishedStep.execute(MarkSnapshottingInputsFinishedStep.java:27)
	at org.gradle.internal.execution.steps.ResolveIncrementalCachingStateStep.executeDelegate(ResolveIncrementalCachingStateStep.java:49)
	at org.gradle.internal.execution.steps.ResolveIncrementalCachingStateStep.executeDelegate(ResolveIncrementalCachingStateStep.java:27)
	at org.gradle.internal.execution.steps.AbstractResolveCachingStateStep.execute(AbstractResolveCachingStateStep.java:71)
	at org.gradle.internal.execution.steps.AbstractResolveCachingStateStep.execute(AbstractResolveCachingStateStep.java:39)
	at org.gradle.internal.execution.steps.ResolveChangesStep.execute(ResolveChangesStep.java:64)
	at org.gradle.internal.execution.steps.ResolveChangesStep.execute(ResolveChangesStep.java:35)
	at org.gradle.internal.execution.steps.ValidateStep.execute(ValidateStep.java:62)
	at org.gradle.internal.execution.steps.ValidateStep.execute(ValidateStep.java:40)
	at org.gradle.internal.execution.steps.AbstractCaptureStateBeforeExecutionStep.execute(AbstractCaptureStateBeforeExecutionStep.java:76)
	at org.gradle.internal.execution.steps.AbstractCaptureStateBeforeExecutionStep.execute(AbstractCaptureStateBeforeExecutionStep.java:45)
	at org.gradle.internal.execution.steps.AbstractSkipEmptyWorkStep.executeWithNonEmptySources(AbstractSkipEmptyWorkStep.java:136)
	at org.gradle.internal.execution.steps.AbstractSkipEmptyWorkStep.execute(AbstractSkipEmptyWorkStep.java:66)
	at org.gradle.internal.execution.steps.AbstractSkipEmptyWorkStep.execute(AbstractSkipEmptyWorkStep.java:38)
	at org.gradle.internal.execution.steps.legacy.MarkSnapshottingInputsStartedStep.execute(MarkSnapshottingInputsStartedStep.java:38)
	at org.gradle.internal.execution.steps.LoadPreviousExecutionStateStep.execute(LoadPreviousExecutionStateStep.java:36)
	at org.gradle.internal.execution.steps.LoadPreviousExecutionStateStep.execute(LoadPreviousExecutionStateStep.java:23)
	at org.gradle.internal.execution.steps.HandleStaleOutputsStep.execute(HandleStaleOutputsStep.java:75)
	at org.gradle.internal.execution.steps.HandleStaleOutputsStep.execute(HandleStaleOutputsStep.java:41)
	at org.gradle.internal.execution.steps.AssignMutableWorkspaceStep.lambda$execute$0(AssignMutableWorkspaceStep.java:35)
	at org.gradle.api.internal.tasks.execution.TaskExecution$4.withWorkspace(TaskExecution.java:297)
	at org.gradle.internal.execution.steps.AssignMutableWorkspaceStep.execute(AssignMutableWorkspaceStep.java:31)
	at org.gradle.internal.execution.steps.AssignMutableWorkspaceStep.execute(AssignMutableWorkspaceStep.java:22)
	at org.gradle.internal.execution.steps.ChoosePipelineStep.execute(ChoosePipelineStep.java:40)
	at org.gradle.internal.execution.steps.ChoosePipelineStep.execute(ChoosePipelineStep.java:23)
	at org.gradle.internal.execution.steps.ExecuteWorkBuildOperationFiringStep.lambda$execute$2(ExecuteWorkBuildOperationFiringStep.java:67)
	at org.gradle.internal.execution.steps.ExecuteWorkBuildOperationFiringStep.execute(ExecuteWorkBuildOperationFiringStep.java:67)
	at org.gradle.internal.execution.steps.ExecuteWorkBuildOperationFiringStep.execute(ExecuteWorkBuildOperationFiringStep.java:39)
	at org.gradle.internal.execution.steps.IdentityCacheStep.execute(IdentityCacheStep.java:46)
	at org.gradle.internal.execution.steps.IdentityCacheStep.execute(IdentityCacheStep.java:34)
	at org.gradle.internal.execution.steps.IdentifyStep.execute(IdentifyStep.java:47)
	at org.gradle.internal.execution.steps.IdentifyStep.execute(IdentifyStep.java:34)
	at org.gradle.internal.execution.impl.DefaultExecutionEngine$1.execute(DefaultExecutionEngine.java:64)
	at org.gradle.api.internal.tasks.execution.ExecuteActionsTaskExecuter.executeIfValid(ExecuteActionsTaskExecuter.java:132)
	... 58 more


BUILD FAILED in 35s
12 actionable tasks: 10 executed, 2 up-to-date
Configuration cache entry stored.
