Starting a Gradle Daemon (subsequent builds will be faster)
Calculating task graph as no cached configuration is available for tasks: :composeApp:compileKotlinIosArm64 :composeApp:compileKotlinIosSimulatorArm64 :composeApp:compileKotlinIosX64 :common:compileKotlinIosArm64
> Task :composeApp:checkKotlinGradlePluginConfigurationErrors SKIPPED
> Task :common:checkKotlinGradlePluginConfigurationErrors SKIPPED
> Task :composeApp:convertXmlValueResourcesForCommonMain NO-SOURCE
> Task :composeApp:convertXmlValueResourcesForAppleMain NO-SOURCE
> Task :composeApp:copyNonXmlValueResourcesForAppleMain NO-SOURCE
> Task :composeApp:copyNonXmlValueResourcesForCommonMain NO-SOURCE
> Task :composeApp:prepareComposeResourcesTaskForCommonMain NO-SOURCE
> Task :composeApp:prepareComposeResourcesTaskForAppleMain NO-SOURCE
> Task :composeApp:generateResourceAccessorsForAppleMain SKIPPED
> Task :composeApp:generateResourceAccessorsForCommonMain SKIPPED
> Task :composeApp:convertXmlValueResourcesForIosArm64Main NO-SOURCE
> Task :composeApp:convertXmlValueResourcesForIosMain NO-SOURCE
> Task :composeApp:copyNonXmlValueResourcesForIosArm64Main NO-SOURCE
> Task :composeApp:copyNonXmlValueResourcesForIosMain NO-SOURCE
> Task :composeApp:prepareComposeResourcesTaskForIosArm64Main NO-SOURCE
> Task :composeApp:generateResourceAccessorsForIosArm64Main SKIPPED
> Task :composeApp:convertXmlValueResourcesForNativeMain NO-SOURCE
> Task :composeApp:copyNonXmlValueResourcesForNativeMain NO-SOURCE
> Task :composeApp:prepareComposeResourcesTaskForNativeMain NO-SOURCE
> Task :composeApp:generateResourceAccessorsForNativeMain SKIPPED
> Task :composeApp:generateComposeResClass SKIPPED
> Task :composeApp:generateExpectResourceCollectorsForCommonMain SKIPPED
> Task :composeApp:prepareComposeResourcesTaskForIosMain NO-SOURCE
> Task :composeApp:generateResourceAccessorsForIosMain SKIPPED
> Task :composeApp:generateActualResourceCollectorsForIosArm64Main SKIPPED
> Task :composeApp:convertXmlValueResourcesForIosSimulatorArm64Main NO-SOURCE
> Task :composeApp:copyNonXmlValueResourcesForIosSimulatorArm64Main NO-SOURCE
> Task :composeApp:prepareComposeResourcesTaskForIosSimulatorArm64Main NO-SOURCE
> Task :composeApp:generateResourceAccessorsForIosSimulatorArm64Main SKIPPED
> Task :composeApp:generateActualResourceCollectorsForIosSimulatorArm64Main SKIPPED

> Task :common:compileKotlinIosArm64
Kotlin/Native bundle directory /Users/runner/.konan/kotlin-native-prebuilt-macos-aarch64-2.2.10 is not empty. Native bundle files will be overwritten.
Downloading native dependencies (LLVM, sysroot etc). This is a one-time action performed only on the first run of the compiler.
Downloading dependency https://download.jetbrains.com/kotlin/native/resources/llvm/19-aarch64-macos/llvm-19-aarch64-macos-essentials-75.tar.gz to /Users/runner/.konan/dependencies/cache/llvm-19-aarch64-macos-essentials-75.tar.gz
Done.
Extracting dependency: /Users/runner/.konan/dependencies/cache/llvm-19-aarch64-macos-essentials-75.tar.gz into /Users/runner/.konan/dependencies
Downloading dependency https://download.jetbrains.com/kotlin/native/libffi-3.3-1-macos-arm64.tar.gz to /Users/runner/.konan/dependencies/cache/libffi-3.3-1-macos-arm64.tar.gz
Done.
Extracting dependency: /Users/runner/.konan/dependencies/cache/libffi-3.3-1-macos-arm64.tar.gz into /Users/runner/.konan/dependencies

> Task :common:compileKotlinIosSimulatorArm64
> Task :common:compileKotlinIosX64
> Task :common:compileKotlinIosX64 FROM-CACHE
> Task :composeApp:convertXmlValueResourcesForIosX64Main NO-SOURCE
> Task :composeApp:copyNonXmlValueResourcesForIosX64Main NO-SOURCE
> Task :composeApp:prepareComposeResourcesTaskForIosX64Main NO-SOURCE
> Task :composeApp:generateResourceAccessorsForIosX64Main SKIPPED
> Task :composeApp:generateActualResourceCollectorsForIosX64Main SKIPPED
> Task :common:compileKotlinIosArm64 FROM-CACHE
> Task :common:compileKotlinIosSimulatorArm64 FROM-CACHE

> Task :composeApp:compileKotlinIosArm64
w: file:///Users/runner/work/echo-nightly/echo-nightly/composeApp/src/commonMain/kotlin/dev/brahmkshatriya/echo/player/ui/screens/PlayerScreen.kt:337:35 'val Icons.Filled.QueueMusic: ImageVector' is deprecated. Use the AutoMirrored version at Icons.AutoMirrored.Filled.QueueMusic.
w: file:///Users/runner/work/echo-nightly/echo-nightly/composeApp/src/commonMain/kotlin/dev/brahmkshatriya/echo/player/ui/screens/PlayerScreen.kt:351:31 'val Icons.Filled.QueueMusic: ImageVector' is deprecated. Use the AutoMirrored version at Icons.AutoMirrored.Filled.QueueMusic.
w: file:///Users/runner/work/echo-nightly/echo-nightly/composeApp/src/iosMain/kotlin/dev/brahmkshatriya/echo/player/audio/IosAudioPlayer.kt:240:28 The corresponding parameter in the supertype 'PlayerEngine' is named 'volume'. This may cause problems when calling this function with named arguments.
w: file:///Users/runner/work/echo-nightly/echo-nightly/composeApp/src/iosMain/kotlin/dev/brahmkshatriya/echo/player/audio/IosAudioPlayer.kt:245:35 The corresponding parameter in the supertype 'PlayerEngine' is named 'speed'. This may cause problems when calling this function with named arguments.

> Task :composeApp:compileKotlinIosX64
w: file:///Users/runner/work/echo-nightly/echo-nightly/composeApp/src/commonMain/kotlin/dev/brahmkshatriya/echo/player/ui/screens/PlayerScreen.kt:337:35 'val Icons.Filled.QueueMusic: ImageVector' is deprecated. Use the AutoMirrored version at Icons.AutoMirrored.Filled.QueueMusic.
w: file:///Users/runner/work/echo-nightly/echo-nightly/composeApp/src/commonMain/kotlin/dev/brahmkshatriya/echo/player/ui/screens/PlayerScreen.kt:351:31 'val Icons.Filled.QueueMusic: ImageVector' is deprecated. Use the AutoMirrored version at Icons.AutoMirrored.Filled.QueueMusic.
w: file:///Users/runner/work/echo-nightly/echo-nightly/composeApp/src/iosMain/kotlin/dev/brahmkshatriya/echo/player/audio/IosAudioPlayer.kt:240:28 The corresponding parameter in the supertype 'PlayerEngine' is named 'volume'. This may cause problems when calling this function with named arguments.
w: file:///Users/runner/work/echo-nightly/echo-nightly/composeApp/src/iosMain/kotlin/dev/brahmkshatriya/echo/player/audio/IosAudioPlayer.kt:245:35 The corresponding parameter in the supertype 'PlayerEngine' is named 'speed'. This may cause problems when calling this function with named arguments.

> Task :composeApp:compileKotlinIosSimulatorArm64
w: file:///Users/runner/work/echo-nightly/echo-nightly/composeApp/src/commonMain/kotlin/dev/brahmkshatriya/echo/player/ui/screens/PlayerScreen.kt:337:35 'val Icons.Filled.QueueMusic: ImageVector' is deprecated. Use the AutoMirrored version at Icons.AutoMirrored.Filled.QueueMusic.
w: file:///Users/runner/work/echo-nightly/echo-nightly/composeApp/src/commonMain/kotlin/dev/brahmkshatriya/echo/player/ui/screens/PlayerScreen.kt:351:31 'val Icons.Filled.QueueMusic: ImageVector' is deprecated. Use the AutoMirrored version at Icons.AutoMirrored.Filled.QueueMusic.
w: file:///Users/runner/work/echo-nightly/echo-nightly/composeApp/src/iosMain/kotlin/dev/brahmkshatriya/echo/player/audio/IosAudioPlayer.kt:240:28 The corresponding parameter in the supertype 'PlayerEngine' is named 'volume'. This may cause problems when calling this function with named arguments.
w: file:///Users/runner/work/echo-nightly/echo-nightly/composeApp/src/iosMain/kotlin/dev/brahmkshatriya/echo/player/audio/IosAudioPlayer.kt:245:35 The corresponding parameter in the supertype 'PlayerEngine' is named 'speed'. This may cause problems when calling this function with named arguments.
gradle/actions: Writing build results to /Users/runner/work/_temp/.gradle-actions/build-results/__run_4-1788688894096.json

BUILD SUCCESSFUL in 1m 5s
6 actionable tasks: 3 executed, 3 from cache
Configuration cache entry stored.
Calculating task graph as no cached configuration is available for tasks: :composeApp:linkDebugFrameworkIosSimulatorArm64 :composeApp:linkDebugFrameworkIosArm64
> Task :composeApp:checkKotlinGradlePluginConfigurationErrors SKIPPED
> Task :common:checkKotlinGradlePluginConfigurationErrors SKIPPED
> Task :composeApp:convertXmlValueResourcesForCommonMain NO-SOURCE
> Task :composeApp:copyNonXmlValueResourcesForCommonMain NO-SOURCE
> Task :composeApp:convertXmlValueResourcesForAppleMain NO-SOURCE
> Task :composeApp:prepareComposeResourcesTaskForCommonMain NO-SOURCE
> Task :composeApp:generateResourceAccessorsForCommonMain SKIPPED
> Task :composeApp:copyNonXmlValueResourcesForAppleMain NO-SOURCE
> Task :composeApp:convertXmlValueResourcesForIosMain NO-SOURCE
> Task :composeApp:prepareComposeResourcesTaskForAppleMain NO-SOURCE
> Task :composeApp:generateResourceAccessorsForAppleMain SKIPPED
> Task :composeApp:copyNonXmlValueResourcesForIosMain NO-SOURCE
> Task :composeApp:convertXmlValueResourcesForIosSimulatorArm64Main NO-SOURCE
> Task :composeApp:prepareComposeResourcesTaskForIosMain NO-SOURCE
> Task :composeApp:generateResourceAccessorsForIosMain SKIPPED
> Task :composeApp:copyNonXmlValueResourcesForIosSimulatorArm64Main NO-SOURCE
> Task :composeApp:convertXmlValueResourcesForNativeMain NO-SOURCE
> Task :composeApp:prepareComposeResourcesTaskForIosSimulatorArm64Main NO-SOURCE
> Task :composeApp:generateResourceAccessorsForIosSimulatorArm64Main SKIPPED
> Task :composeApp:copyNonXmlValueResourcesForNativeMain NO-SOURCE
> Task :composeApp:generateComposeResClass SKIPPED
> Task :composeApp:generateExpectResourceCollectorsForCommonMain SKIPPED
> Task :composeApp:prepareComposeResourcesTaskForNativeMain NO-SOURCE
> Task :composeApp:generateResourceAccessorsForNativeMain SKIPPED
> Task :composeApp:generateActualResourceCollectorsForIosSimulatorArm64Main SKIPPED
> Task :composeApp:convertXmlValueResourcesForIosArm64Main NO-SOURCE
> Task :composeApp:copyNonXmlValueResourcesForIosArm64Main NO-SOURCE
> Task :composeApp:prepareComposeResourcesTaskForIosArm64Main NO-SOURCE
> Task :composeApp:generateResourceAccessorsForIosArm64Main SKIPPED
> Task :composeApp:generateActualResourceCollectorsForIosArm64Main SKIPPED
> Task :common:compileKotlinIosSimulatorArm64 UP-TO-DATE
> Task :common:compileKotlinIosArm64 UP-TO-DATE
> Task :composeApp:compileKotlinIosSimulatorArm64 UP-TO-DATE
> Task :composeApp:compileKotlinIosArm64 UP-TO-DATE
> Task :composeApp:linkDebugFrameworkIosSimulatorArm64
> Task :composeApp:linkDebugFrameworkIosArm64

Exception in thread "Daemon client event forwarder" java.lang.OutOfMemoryError: Java heap space
The Daemon will expire after the build after running out of JVM heap space.
The project memory settings are likely not configured or are configured to an insufficient value.
The daemon will restart for the next build, which may increase subsequent build times.
These settings can be adjusted by setting 'org.gradle.jvmargs' in 'gradle.properties'.
The currently configured max heap space is '2 GiB' and the configured max metaspace is 'unknown'.
For more information on how to set these values, please refer to https://docs.gradle.org/9.0.0/userguide/build_environment.html#sec:configuring_jvm_memory in the Gradle documentation.
To disable this warning, set 'org.gradle.daemon.performance.disable-logging=true'.
Daemon will be stopped at the end of the build after running out of JVM heap space

> Task :composeApp:linkDebugFrameworkIosArm64 FAILED
e: Failed to build cache for /Users/runner/.gradle/caches/modules-2/files-2.1/org.jetbrains.compose.material/material-icons-extended-uikitarm64/1.7.3/fcc2c14bbba857d6fc96a7c46ced0018abeb66e7/material-icons-extended.
As a workaround, please try to disable compiler caches (kotlin.native.cacheKind=none)

Also, consider filing an issue with full Gradle log here: https://kotl.in/issue

Java heap space

java.lang.OutOfMemoryError: Java heap space

5 actionable tasks: 1 executed, 4 up-to-date

> Task :composeApp:linkDebugFrameworkIosSimulatorArm64 FAILED
e: Failed to build cache for /Users/runner/.gradle/caches/modules-2/files-2.1/org.jetbrains.compose.material/material-icons-extended-uikitsimarm64/1.7.3/480b5a73fc240e91b4c6a194542aaf152d354948/material-icons-extended.
As a workaround, please try to disable compiler caches (kotlin.native.cacheKind=none)

Also, consider filing an issue with full Gradle log here: https://kotl.in/issue

Back-end: Please report this problem https://kotl.in/issue
/opt/buildAgent/work/22b92203f00747e0/out/androidx/compose/material/material-icons-extended/build/generatedIcons/release/src/commonMain/kotlin/androidx/compose/material/icons/rounded/SignalWifi4Bar.kt:24:1
Problem with `val Rounded.SignalWifi4Bar: ImageVector
  get(): ImageVector {
    when {
      EQEQ(arg0 = <get-_signalWifi4Bar>(), arg1 = null).not() -> { // BLOCK
        return CHECK_NOT_NULL<ImageVector>(arg0 = <get-_signalWifi4Bar>())
      }
    }
    <set-_signalWifi4Bar>(<set-?> = materialIcon(name = "Rounded.SignalWifi4Bar", block = @ExtensionFunctionType Function1<Builder, Builder>(
      /* bound = */ [],
      /* invoke = */      local fun($this$materialIcon: Builder): Builder {
        return { // BLOCK
          val tmp0: Builder = { // BLOCK
            $this$materialIcon
          }
          { // RETURNABLE BLOCK
            { // INLINED FUNCTION BLOCK
              val this: Builder = tmp0
              val fillAlpha: Float = { // BLOCK
                1.0F
              }
              val strokeAlpha: Float = { // BLOCK
                1.0F
              }
              val pathFillType: PathFillType = { // BLOCK
                <get-DefaultFillType>()
              }
              return { // BLOCK
                val tmp0: Builder = { // BLOCK
                  this
                }
                val tmp2: Brush? = { // BLOCK
                  SolidColor(value = Companion.<get-Black>()) /*as Brush? */
                }
                val tmp4: Float = { // BLOCK
                  fillAlpha
                }
                val tmp6: Brush? = { // BLOCK
                  null /*as Brush? */
                }
                val tmp8: Float = { // BLOCK
                  strokeAlpha
                }
                val tmp10: Float = { // BLOCK
                  1.0F
                }
                val tmp12: StrokeCap = { // BLOCK
                  Companion.<get-Butt>()
                }
                val tmp14: StrokeJoin = { // BLOCK
                  Companion.<get-Bevel>()
                }
                val tmp16: Float = { // BLOCK
                  1.0F
                }
                val tmp18: PathFillType = { // BLOCK
                  pathFillType
                }
                { // RETURNABLE BLOCK
                  { // INLINED FUNCTION BLOCK
                    val this: Builder = tmp0
                    val fill: Brush? = tmp2
                    val fillAlpha: Float = tmp4
                    val stroke: Brush? = tmp6
                    val strokeAlpha: Float = tmp8
                    val strokeLineWidth: Float = tmp10
                    val strokeLineCap: StrokeCap = tmp12
                    val strokeLineJoin: StrokeJoin = tmp14
                    val strokeLineMiter: Float = tmp16
                    val pathFillType: PathFillType = tmp18
                    val name: String = { // BLOCK
                      ""
                    }
                    return this.addPath(pathData = { // RETURNABLE BLOCK
                      { // INLINED FUNCTION BLOCK
                        return { // BLOCK
                          val tmp0: Any? = { // BLOCK
                            PathBuilder() /*as Any? */
                          }
                          { // RETURNABLE BLOCK
                            { // INLINED FUNCTION BLOCK
                              val receiver: Any? = tmp0
                              return { // BLOCK
                                val tmp0: PathBuilder = { // BLOCK
                                  receiver /*as PathBuilder */
                                }
                                { // RETURNABLE BLOCK
                                  { // INLINED FUNCTION BLOCK
                                    val $this$with: PathBuilder = tmp0
                                    { // BLOCK
                                      val tmp0: PathBuilder = { // BLOCK
                                        $this$with
                                      }
                                      { // RETURNABLE BLOCK
                                        { // INLINED FUNCTION BLOCK
                                          val $this$materialPath: PathBuilder = tmp0
                                          $this$materialPath.moveTo(x = 23.64F, y = 7.0F) /*~> Unit */
                                          $this$materialPath.curveToRelative(dx1 = -0.45F, dy1 = -0.34F, dx2 = -4.93F, dy2 = -4.0F, dx3 = -11.64F, dy3 = -4.0F) /*~> Unit */
                                          $this$materialPath.curveTo(x1 = 5.28F, y1 = 3.0F, x2 = 0.81F, y2 = 6.66F, x3 = 0.36F, y3 = 7.0F) /*~> Unit */
                                          $this$materialPath.lineToRelative(dx = 10.08F, dy = 12.56F) /*~> Unit */
                                          $this$materialPath.curveToRelative(dx1 = 0.8F, dy1 = 1.0F, dx2 = 2.32F, dy2 = 1.0F, dx3 = 3.12F, dy3 = 0.0F) /*~> Unit */
                                          $this$materialPath.lineTo(x = 23.64F, y = 7.0F) /*~> Unit */
                                          $this$materialPath.close() /*~> Unit */
                                          return Unit
                                        }
                                      }
                                    }
                                    return $this$with.<get-nodes>() /*as Any? */
                                  }
                                }
                              } /*as List<PathNode> */
                            }
                          }
                        }
                      }
                    }, pathFillType = pathFillType, name = name, fill = fill, fillAlpha = fillAlpha, stroke = stroke, strokeAlpha = strokeAlpha, strokeLineWidth = strokeLineWidth, strokeLineCap = strokeLineCap, strokeLineJoin = strokeLineJoin, strokeLineMiter = strokeLineMiter)
                  }
                }
              }
            }
          }
        }
      }
    )
))
    return CHECK_NOT_NULL<ImageVector>(arg0 = <get-_signalWifi4Bar>())
  }

`
Details: Internal error in body lowering: java.lang.OutOfMemoryError: Java heap space

org.jetbrains.kotlin.backend.common.CompilationException: Back-end: Please report this problem https://kotl.in/issue
/opt/buildAgent/work/22b92203f00747e0/out/androidx/compose/material/material-icons-extended/build/generatedIcons/release/src/commonMain/kotlin/androidx/compose/material/icons/rounded/SignalWifi4Bar.kt:24:1
Problem with `val Rounded.SignalWifi4Bar: ImageVector
  get(): ImageVector {
    when {
      EQEQ(arg0 = <get-_signalWifi4Bar>(), arg1 = null).not() -> { // BLOCK
        return CHECK_NOT_NULL<ImageVector>(arg0 = <get-_signalWifi4Bar>())
      }
    }
    <set-_signalWifi4Bar>(<set-?> = materialIcon(name = "Rounded.SignalWifi4Bar", block = @ExtensionFunctionType Function1<Builder, Builder>(
      /* bound = */ [],
      /* invoke = */      local fun($this$materialIcon: Builder): Builder {
        return { // BLOCK
          val tmp0: Builder = { // BLOCK
            $this$materialIcon
          }
          { // RETURNABLE BLOCK
            { // INLINED FUNCTION BLOCK
              val this: Builder = tmp0
              val fillAlpha: Float = { // BLOCK
                1.0F
              }
              val strokeAlpha: Float = { // BLOCK
                1.0F
              }
              val pathFillType: PathFillType = { // BLOCK
                <get-DefaultFillType>()
              }
              return { // BLOCK
                val tmp0: Builder = { // BLOCK
                  this
                }
                val tmp2: Brush? = { // BLOCK
                  SolidColor(value = Companion.<get-Black>()) /*as Brush? */
                }
                val tmp4: Float = { // BLOCK
                  fillAlpha
                }
                val tmp6: Brush? = { // BLOCK
                  null /*as Brush? */
                }
                val tmp8: Float = { // BLOCK
                  strokeAlpha
                }
                val tmp10: Float = { // BLOCK
                  1.0F
                }
                val tmp12: StrokeCap = { // BLOCK
                  Companion.<get-Butt>()
                }
                val tmp14: StrokeJoin = { // BLOCK
                  Companion.<get-Bevel>()
                }
                val tmp16: Float = { // BLOCK
                  1.0F
                }
                val tmp18: PathFillType = { // BLOCK
                  pathFillType
                }
                { // RETURNABLE BLOCK
                  { // INLINED FUNCTION BLOCK
                    val this: Builder = tmp0
                    val fill: Brush? = tmp2
                    val fillAlpha: Float = tmp4
                    val stroke: Brush? = tmp6
                    val strokeAlpha: Float = tmp8
                    val strokeLineWidth: Float = tmp10
                    val strokeLineCap: StrokeCap = tmp12
                    val strokeLineJoin: StrokeJoin = tmp14
                    val strokeLineMiter: Float = tmp16
                    val pathFillType: PathFillType = tmp18
                    val name: String = { // BLOCK
                      ""
                    }
                    return this.addPath(pathData = { // RETURNABLE BLOCK
                      { // INLINED FUNCTION BLOCK
                        return { // BLOCK
                          val tmp0: Any? = { // BLOCK
                            PathBuilder() /*as Any? */
                          }
                          { // RETURNABLE BLOCK
                            { // INLINED FUNCTION BLOCK
                              val receiver: Any? = tmp0
                              return { // BLOCK
                                val tmp0: PathBuilder = { // BLOCK
                                  receiver /*as PathBuilder */
                                }
                                { // RETURNABLE BLOCK
                                  { // INLINED FUNCTION BLOCK
                                    val $this$with: PathBuilder = tmp0
                                    { // BLOCK
                                      val tmp0: PathBuilder = { // BLOCK
                                        $this$with
                                      }
                                      { // RETURNABLE BLOCK
                                        { // INLINED FUNCTION BLOCK
                                          val $this$materialPath: PathBuilder = tmp0
                                          $this$materialPath.moveTo(x = 23.64F, y = 7.0F) /*~> Unit */
                                          $this$materialPath.curveToRelative(dx1 = -0.45F, dy1 = -0.34F, dx2 = -4.93F, dy2 = -4.0F, dx3 = -11.64F, dy3 = -4.0F) /*~> Unit */
                                          $this$materialPath.curveTo(x1 = 5.28F, y1 = 3.0F, x2 = 0.81F, y2 = 6.66F, x3 = 0.36F, y3 = 7.0F) /*~> Unit */
                                          $this$materialPath.lineToRelative(dx = 10.08F, dy = 12.56F) /*~> Unit */
                                          $this$materialPath.curveToRelative(dx1 = 0.8F, dy1 = 1.0F, dx2 = 2.32F, dy2 = 1.0F, dx3 = 3.12F, dy3 = 0.0F) /*~> Unit */
                                          $this$materialPath.lineTo(x = 23.64F, y = 7.0F) /*~> Unit */
                                          $this$materialPath.close() /*~> Unit */
                                          return Unit
                                        }
                                      }
                                    }
                                    return $this$with.<get-nodes>() /*as Any? */
                                  }
                                }
                              } /*as List<PathNode> */
                            }
                          }
                        }
                      }
                    }, pathFillType = pathFillType, name = name, fill = fill, fillAlpha = fillAlpha, stroke = stroke, strokeAlpha = strokeAlpha, strokeLineWidth = strokeLineWidth, strokeLineCap = strokeLineCap, strokeLineJoin = strokeLineJoin, strokeLineMiter = strokeLineMiter)
                  }
                }
              }
            }
          }
        }
      }
    )
))
    return CHECK_NOT_NULL<ImageVector>(arg0 = <get-_signalWifi4Bar>())
  }

`
Details: Internal error in body lowering: java.lang.OutOfMemoryError: Java heap space
	at org.jetbrains.kotlin.ir.types.impl.IrSimpleTypeImplKt.toBuilder(IrSimpleTypeImpl.kt:100)
	at org.jetbrains.kotlin.ir.inline.InlineFunctionBodyPreprocessor$InlinerTypeRemapper.remapType(InlineFunctionBodyPreprocessor.kt:211)
	at org.jetbrains.kotlin.ir.inline.InlineFunctionBodyPreprocessor$InlinerTypeRemapper.remapType(InlineFunctionBodyPreprocessor.kt:97)
	at org.jetbrains.kotlin.ir.inline.InlineFunctionBodyPreprocessor$InlinerTypeRemapper.remapType(InlineFunctionBodyPreprocessor.kt:93)
	at org.jetbrains.kotlin.ir.util.DeepCopyIrTreeWithSymbols.remapType(DeepCopyIrTreeWithSymbols.kt:42)
	at org.jetbrains.kotlin.ir.util.DeepCopyIrTreeWithSymbols.visitBlock(DeepCopyIrTreeWithSymbols.kt:457)
	at org.jetbrains.kotlin.ir.util.DeepCopyIrTreeWithSymbols.visitBlock(DeepCopyIrTreeWithSymbols.kt:24)
	at org.jetbrains.kotlin.ir.visitors.IrElementTransformerVoid.visitBlock(IrElementTransformerVoid.kt:251)
	at org.jetbrains.kotlin.ir.visitors.IrElementTransformerVoid.visitBlock(IrElementTransformerVoid.kt:19)
	at org.jetbrains.kotlin.ir.expressions.IrBlock.accept(IrBlock.kt:18)
	at org.jetbrains.kotlin.ir.expressions.IrExpression.transform(IrExpression.kt:23)
	at org.jetbrains.kotlin.ir.expressions.IrExpression.transform(IrExpression.kt:19)
	at org.jetbrains.kotlin.ir.util.DeepCopyIrTreeWithSymbols.visitVariable(DeepCopyIrTreeWithSymbols.kt:1229)
	at org.jetbrains.kotlin.ir.util.DeepCopyIrTreeWithSymbols.visitVariable(DeepCopyIrTreeWithSymbols.kt:24)
	at org.jetbrains.kotlin.ir.visitors.IrElementTransformerVoid.visitVariable(IrElementTransformerVoid.kt:143)
	at org.jetbrains.kotlin.ir.visitors.IrElementTransformerVoid.visitVariable(IrElementTransformerVoid.kt:19)
	at org.jetbrains.kotlin.ir.declarations.IrVariable.accept(IrVariable.kt:36)
	at org.jetbrains.kotlin.ir.IrElementBase.transform(IrElementBase.kt:33)
	at org.jetbrains.kotlin.ir.util.DeepCopyIrTreeWithSymbols.visitBlock(DeepCopyIrTreeWithSymbols.kt:1250)
	at org.jetbrains.kotlin.ir.util.DeepCopyIrTreeWithSymbols.visitBlock(DeepCopyIrTreeWithSymbols.kt:24)
	at org.jetbrains.kotlin.ir.visitors.IrElementTransformerVoid.visitBlock(IrElementTransformerVoid.kt:251)
	at org.jetbrains.kotlin.ir.visitors.IrElementTransformerVoid.visitBlock(IrElementTransformerVoid.kt:19)
	at org.jetbrains.kotlin.ir.expressions.IrBlock.accept(IrBlock.kt:18)
	at org.jetbrains.kotlin.ir.expressions.IrExpression.transform(IrExpression.kt:23)
	at org.jetbrains.kotlin.ir.expressions.IrExpression.transform(IrExpression.kt:19)
	at org.jetbrains.kotlin.ir.util.DeepCopyIrTreeWithSymbols.visitReturn(DeepCopyIrTreeWithSymbols.kt:1307)
	at org.jetbrains.kotlin.ir.util.DeepCopyIrTreeWithSymbols.visitReturn(DeepCopyIrTreeWithSymbols.kt:24)
	at org.jetbrains.kotlin.ir.visitors.IrElementTransformerVoid.visitReturn(IrElementTransformerVoid.kt:481)
	at org.jetbrains.kotlin.ir.visitors.IrElementTransformerVoid.visitReturn(IrElementTransformerVoid.kt:19)
	at org.jetbrains.kotlin.ir.expressions.IrReturn.accept(IrReturn.kt:24)
	at org.jetbrains.kotlin.ir.expressions.IrExpression.transform(IrExpression.kt:23)
	at org.jetbrains.kotlin.ir.expressions.IrExpression.transform(IrExpression.kt:19)
Caused by: java.lang.OutOfMemoryError: Java heap space
	... 32 more

Configuration cache entry stored.
